2r’ŠR‚5
$GPGSV,3,1,09,08,16,318,,10,61,331,,18,36,080,38,28,00,176,34*72
$GPGSV,3,2,09,29,08,147,36,32,49,181,48,40,60,171,38,42,38,117,42*7F
$GPGSV,3,3,09,50,04,096,*4E
$GPGLL,2520.04326,N,05128.18188,E,061456.00,A,D*6C
$GPTXT,01,01,01,PQTM inv format*24
$GPRMC,061457.00,A,2520.04322,N,05128.18200,E,0.623,,210726,,,D*74
$GPVTG,,T,,M,0.623,N,1.155,K,D*21
$GPGGA,061457.00,2520.04322,N,05128.18200,E,2,04,4.74,79.2,M,-24.7,M,,0000*4A
$GPGSA,A,3,32,18,29,28,,,,,,,,,5.72,4.74,3.21*0C
$GPGSV,3,1,09,08,16,318,,10,61,331,,18,36,080,38,28,00,176,34*72
$GPGSV,3,2,09,29,08,147,36,32,49,181,48,40,60,171,38,42,38,117,42*7F
$GPGSV,3,3,09,50,04,096,*4E
$GPGLL,2520.04322,N,05128.18200,E,061457.00,A,D*6A
$GPRMC,061458.00,A,2520.04347,N,05128.18184,E,0.386,,210726,,,D*7D
$GPVTG,,T,,M,0.386,N,0.714,K,D*29
$GPGGA,061458.00,2520.04347,N,05128.18184,E,2,04,4.74,79.0,M,-24.7,M,,0000*4B
$GPGSA,A,3,32,18,29,28,,,,,,,,,5.72,4.74,3.21*0C
$GPGSV,3,1,09,08,16,318,,10,61,331,,18,36,080,38,28,00,176,35*73
$GPGSV,3,2,09,29,08,147,36,32,49,181,48,40,60,171,38,42,38,117,42*7F
$GPGSV,3,3,09,50,04,096,*4E
$GPGLL,2520.04347,N,05128.18184,E,061458.00,A,D*69
$GPRMC,061459.00,A,2520.04338,N,05128.18182,E,0.339,,210726,,,D*76
$GPVTG,,T,,M,0.339,N,0.628,K,D*23
$GPGGA,061459.00,2520.04338,N,05128.18182,E,2,04,4.74,79.0,M,-24.7,M,,0000*44
$GPGSA,A,3,32,18,29,28,,,,,,,,,5.73,4.74,3.21*0D
$GPGSV,3,1,09,08,16,318,,10,61,331,,18,36,080,38,28,00,176,35*73
$GPGSV,3,2,09,29,08,147,36,32,49,181,48,40,60,171,38,42,38,117,42*7F
$GPGSV,3,3,09,50,04,096,*4E
$GPGLL,2520.04338,N,05128.18182,E,061459.00,A,D*66
$GPRMC,061500.00,A,2520.04328,N,05128.18175,E,0.305,,210726,,,D*7D
$GPVTG,,T,,M,0.305,N,0.565,K,D*26
$GPGGA,061500.00,2520.04328,N,05128.18175,E,2,04,4.74,78.9,M,-24.7,M,,0000*48
$GPGSA,A,3,32,18,29,28,,,,,,,,,5.73,4.74,3.21*0D
$GPGSV,3,1,09,08,16,318,,10,61,331,,18,36,080,38,28,00,176,36*70
$GPGSV,3,2,09,29,08,147,36,32,49,181,48,40,60,171,38,42,38,117,42*7F
$GPGSV,3,3,09,50,04,096,*4E
$GPGLL,2520.04328,N,05128.18175,E,061500.00,A,D*62
$GPRMC,061501.00,A,2520.04321,N,05128.18176,E,0.080,,210726,,,D*78
$GPVTG,,T,,M,0.080,N,0.149,K,D*22
$GPGGA,061501.00,2520.04321,N,05128.18176,E,2,04,4.75,78.9,M,-24.7,M,,0000*42
$GPGSA,A,3,32,18,29,28,,,,,,,,,5.73,4.75,3.22*0F
$GPGSV,3,1,09,08,16,318,,10,61,331,,18,36,080,38,28,00,176,36*70
$GPGSV,3,2,09,29,08,147,36,32,49,181,48,40,60,171,38,42,38,117,42*7F
$GPGSV,3,3,09,50,04,096,*4E
$GPGLL,2520.04321,N,05128.18176,E,061501.00,A,D*69
$GPRMC,061502.00,A,2520.04316,N,05128.18174,E,0.202,,210726,,,D*75
$GPVTG,,T,,M,0.202,N,0.373,K,D*21
$GPGGA,061502.00,2520.04316,N,05128.18174,E,2,04,4.75,79.0,M,-24.7,M,,0000*4F
$GPGSA,A,3,32,18,29,28,,,,,,,,,5.74,4.75,3.22*08
$GPGSV,3,1,09,08,16,318,,10,61,331,,18,36,080,38,28,00,176,36*70
$GPGSV,3,2,09,29,08,147,35,32,49,181,48,40,60,171,38,42,38,117,42*7C
$GPGSV,3,3,09,50,04,096,*4E
$GPGLL,2520.04316,N,05128.18174,E,061502.00,A,D*6C
$GPRMC,061503.00,A,2520.04313,N,05128.18163,E,0.149,,210726,,,D*7B
$GPVTG,,T,,M,0.149,N,0.276,K,D*29
$GPGGA,061503.00,2520.04313,N,05128.18163,E,2,04,4.75,79.0,M,-24.7,M,,0000*4D
$GPGSA,A,3,32,18,29,28,,,,,,,,,5.74,4.75,3.22*08
$GPGSV,3,1,09,08,16,318,,10,61,331,,18,36,080,38,28,00,176,37*71
$GPGSV,3,2,09,29,08,147,35,32,49,181,48,40,60,171,38,42,38,117,42*7C
$GPGSV,3,3,09,50,04,096,*4E
$GPGLL,2520.04313,N,05128.18163,E,061503.00,A,D*6E
$GPRMC,061504.00,A,2520.04301,N,05128.18171,E,0.456,,210726,,,D*77
$GPVTG,,T,,M,0.456,N,0.844,K,D*29
$GPGGA,061504.00,2520.04301,N,05128.18171,E,2,04,4.75,79.0,M,-24.7,M,,0000*4A
$GPGSA,A,3,32,18,29,28,,,,,,,,,5.74,4.75,3.22*08
$GPGSV,3,1,09,08,16,318,,10,61,331,,18,36,080,38,28,00,176,38*7E
$GPGSV,3,2,09,29,08,147,35,32,49,181,48,40,60,171,38,42,38,117,42*7C
$GPGSV,3,3,09,50,04,096,*4E
$GPGLL,2520.04301,N,05128.18171,E,061504.00,A,D*69
$GPRMC,061505.00,A,2520.04294,N,05128.18173,E,0.129,,210726,,,D*74
$GPVTG,,T,,M,0.129,N,0.239,K,D*24
$GPGGA,061505.00,2520.04294,N,05128.18173,E,2,04,4.76,79.0,M,-24.7,M,,0000*47
$GPGSA,A,3,32,18,29,28,,,,,,,,,5.74,4.76,3.22*0B
$GPGSV,3,1,09,08,16,318,23,10,61,331,,18,36,080,38,28,00,176,38*7F
$GPGSV,3,2,09,29,08,147,35,32,49,181,48,40,60,171,38,42,38,117,42*7C
$GPGSV,3,3,09,50,04,096,*4E
$GPGLL,2520.04294,N,05128.18173,E,061505.00,A,D*67
$GPRMC,061506.00,A,2520.04265,N,05128.18197,E,0.573,,210726,,,D*78
$GPVTG,,T,,M,0.573,N,1.061,K,D*21
$GPGGA,061506.00,2520.04265,N,05128.18197,E,2,04,4.76,79.1,M,-24.7,M,,0000*41
$GPGSA,A,3,32,18,29,28,,,,,,,,,5.75,4.76,3.22*0A
$GPGSV,3,1,09,08,16,318,22,10,61,331,,18,36,080,39,28,00,176,39*7E
$GPGSV,3,2,09,29,08,147,35,32,49,181,48,40,60,171,38,42,38,117,42*7C
$GPGSV,3,3,09,50,04,096,*4E
$GPGLL,2520.04265,N,05128.18197,E,061506.00,A,D*60
$GPRMC,061507.00,A,2520.04223,N,05128.18236,E,1.005,,210726,,,D*76
$GPVTG,,T,,M,1.005,N,1.861,K,D*2C
$GPGGA,061507.00,2520.04223,N,05128.18236,E,2,04,4.76,79.0,M,-24.7,M,,0000*4B
$GPGSA,A,3,32,18,29,28,,,,,,,,,5.75,4.76,3.22*0A
$GPGSV,3,1,09,08,16,318,22,10,61,331,,18,36,080,39,28,00,176,39*7E
$GPGSV,3,2,09,29,08,147,34,32,49,181,48,40,60,171,38,42,38,117,43*7C
$GPGSV,3,3,09,50,04,096,*4E
$GPGLL,2520.04223,N,05128.18236,E,061507.00,A,D*6B
$GPRMC,061508.00,A,2520.04206,N,05128.18257,E,0.337,,210726,,,D*7A
$GPVTG,,T,,M,0.337,N,0.625,K,D*20
$GPGGA,061508.00,2520.04206,N,05128.18257,E,2,04,4.76,79.0,M,-24.7,M,,0000*44
$GPGSA,A,3,32,18,29,28,,,,,,,,,5.75,4.76,3.23*0B
$GPGSV,3,1,09,08,17,318,22,10,61,331,,18,36,080,39,28,00,176,38*7E
$GPGSV,3,2,09,29,08,147,34,32,49,181,48,40,60,171,38,42,38,117,43*7C
$GPGSV,3,3,09,50,04,096,*4E
$GPGLL,2520.04206,N,05128.18257,E,061508.00,A,D*64
$GPRMC,061509.00,A,2520.04194,N,05128.18265,E,0.028,,210726,,,D*7F
$GPVTG,,T,,M,0.028,N,0.052,K,D*2B
$GPGGA,061509.00,2520.04194,N,05128.18265,E,2,04,4.77,79.1,M,-24.7,M,,0000*4C
$GPGSA,A,3,32,18,29,28,,,,,,,,,5.76,4.77,3.23*09
$GPGSV,3,1,09,08,17,318,21,10,61,331,,18,36,080,39,28,00,176,38*7D
$GPGSV,3,2,09,29,08,147,34,32,49,181,48,40,60,171,38,42,38,117,42*7D
$GPGSV,3,3,09,50,04,096,*4E
$GPGLL,2520.04194,N,05128.18265,E,061509.00,A,D*6C
$GPRMC,061510.00,A,2520.04187,N,05128.18266,E,0.041,,210726,,,D*79
$GPVTG,,T,,M,0.041,N,0.075,K,D*21
$GPGGA,061510.00,2520.04187,N,05128.18266,E,2,04,4.77,79.1,M,-24.7,M,,0000*45
$GPGSA,A,3,32,18,29,28,,,,,,,,,5.76,4.77,3.23*09
$GPGSV,3,1,09,08,17,318,21,10,61,331,,18,36,080,39,28,00,176,38*7D
$GPGSV,3,2,09,29,08,147,34,32,49,181,48,40,60,171,38,42,38,117,42*7D
$GPGSV,3,3,09,50,04,096,*4E
$GPGLL,2520.04187,N,05128.18266,E,061510.00,A,D*65
$GPRMC,061511.00,A,2520.04167,N,05128.18285,E,0.713,,210726,,,D*7B
$GPVTG,,T,,M,0.713,N,1.321,K,D*22
$GPGGA,061511.00,2520.04167,N,05128.18285,E,2,04,4.77,79.1,M,-24.7,M,,0000*47
$GPGSA,A,3,32,18,29,28,,,,,,,,,5.76,4.77,3.23*09
$GPGSV,3,1,09,08,17,318,21,10,61,331,,18,36,080,38,28,00,176,39*7D
$GPGSV,3,2,09,29,08,147,34,32,49,181,48,40,60,171,38,42,38,117,42*7D
$GPGSV,3,3,09,50,04,096,*4E
$GPGLL,2520.04167,N,05128.18285,E,061511.00,A,D*67
$GPRMC,061512.00,A,2520.04151,N,05128.18285,E,0.601,,210726,,,D*7F
$GPVTG,,T,,M,0.601,N,1.112,K,D*22
$GPGGA,061512.00,2520.04151,N,05128.18285,E,2,04,4.77,79.2,M,-24.7,M,,0000*42
$GPGSA,A,3,32,18,29,28,,,,,,,,,5.77,4.77,3.23*08
$GPGSV,3,1,09,08,17,318,21,10,61,331,,18,36,080,39,28,00,176,39*7C
$GPGSV,3,2,09,29,08,147,34,32,49,181,48,40,60,171,38,42,38,117,42*7D
$GPGSV,3,3,09,50,04,096,*4E
$GPGLL,2520.04151,N,05128.18285,E,061512.00,A,D*61
$GPRMC,061513.00,A,2520.04139,N,05128.18291,E,0.800,,210726,,,D*7A
$GPVTG,,T,,M,0.800,N,1.482,K,D*21
$GPGGA,061513.00,2520.04139,N,05128.18291,E,2,04,4.78,79.2,M,-24.7,M,,0000*47
$GPGSA,A,3,32,18,29,28,,,,,,,,,5.77,4.78,3.23*07
$GPGSV,3,1,09,08,17,318,,10,61,331,20,18,36,080,39,28,00,176,39*7D
$GPGSV,3,2,09,29,08,147,35,32,49,181,48,40,60,171,38,42,38,117,43*7D
$GPGSV,3,3,09,50,04,096,*4E
$GPGLL,2520.04139,N,05128.18291,E,061513.00,A,D*6B
$GPRMC,061514.00,A,2520.04124,N,05128.18290,E,0.583,,210726,,,D*76
$GPVTG,,T,,M,0.583,N,1.080,K,D*21
$GPGGA,061514.00,2520.04124,N,05128.18290,E,2,04,4.78,79.2,M,-24.7,M,,0000*4D
$GPGSA,A,3,32,18,29,28,,,,,,,,,5.77,4.78,3.24*00
$GPGSV,3,1,09,08,17,318,,10,61,331,,18,36,080,39,28,00,176,39*7F
$GPGSV,3,2,09,29,08,147,34,32,49,181,48,40,60,171,39,42,38,117,43*7D
$GPGSV,3,3,09,50,04,096,*4E
$GPGLL,2520.04124,N,05128.18290,E,061514.00,A,D*61
$GPRMC,061515.00,A,2520.04109,N,05128.18294,E,0.526,,210726,,,D*73
$GPVTG,,T,,M,0.526,N,0.975,K,D*2C
$GPGGA,061515.00,2520.04109,N,05128.18294,E,2,04,4.78,79.2,M,-24.7,M,,0000*47
$GPGSA,A,3,32,18,29,28,,,,,,,,,5.78,4.78,3.24*0F
$GPGSV,3,1,09,08,17,318,,10,61,331,,18,36,080,39,28,00,176,40*71
$GPGSV,3,2,09,29,08,147,34,32,49,181,48,40,60,171,38,42,38,117,42*7D
$GPGSV,3,3,09,50,04,096,*4E
$GPGLL,2520.04109,N,05128.18294,E,061515.00,A,D*6B
$GPRMC,061516.00,A,2520.04101,N,05128.18295,E,0.274,,210726,,,D*79
$GPVTG,,T,,M,0.274,N,0.507,K,D*25
$GPGGA,061516.00,2520.04101,N,05128.18295,E,2,04,4.79,79.1,M,-24.7,M,,0000*4F
$GPGSA,A,3,32,18,29,28,,,,,,,,,5.78,4.79,3.24*0E
$GPGSV,3,1,09,08,17,318,,10,61,331,,18,36,080,39,28,00,176,40*71
$GPGSV,3,2,09,29,08,147,34,32,49,181,48,40,60,171,38,42,38,117,42*7D
$GPGSV,3,3,09,50,04,096,*4E
$GPGLL,2520.04101,N,05128.18295,E,061516.00,A,D*61
$GPRMC,061517.00,A,2520.04105,N,05128.18284,E,0.216,,210726,,,D*78
$GPVTG,,T,,M,0.216,N,0.400,K,D*27
$GPGGA,061517.00,2520.04105,N,05128.18284,E,2,04,4.79,79.0,M,-24.7,M,,0000*4B
$GPGSA,A,3,32,18,29,28,,,,,,,,,5.78,4.79,3.24*0E
$GPGSV,3,1,09,08,17,318,20,10,61,331,,18,36,080,39,28,00,176,40*73
$GPGSV,3,2,09,29,08,147,35,32,49,181,48,40,60,171,38,42,38,117,42*7C
$GPGSV,3,3,09,50,04,096,*4E
$GPGLL,2520.04105,N,05128.18284,E,061517.00,A,D*64
$GPRMC,061518.00,A,2520.04106,N,05128.18270,E,0.276,,210726,,,D*79
$GPVTG,,T,,M,0.276,N,0.512,K,D*23
$GPGGA,061518.00,2520.04106,N,05128.18270,E,2,04,4.79,78.9,M,-24.7,M,,0000*44
$GPGSA,A,3,32,18,29,28,,,,,,,,,5.78,4.79,3.24*0E
$GPGSV,3,1,09,08,17,318,24,10,61,331,,18,36,081,39,28,00,176,40*76
$GPGSV,3,2,09,29,08,147,35,32,49,181,48,40,60,171,38,42,38,117,42*7C
$GPGSV,3,3,09,50,04,096,*4E
$GPGLL,2520.04106,N,05128.18270,E,061518.00,A,D*63
$GPRMC,061519.00,A,2520.04110,N,05128.18263,E,0.362,,210726,,,D*79
$GPVTG,,T,,M,0.362,N,0.671,K,D*21
$GPGGA,061519.00,2520.04110,N,05128.18263,E,2,04,4.79,78.8,M,-24.7,M,,0000*41
$GPGSA,A,3,32,18,29,28,,,,,,,,,5.79,4.79,3.24*0F
$GPGSV,3,1,09,08,17,318,23,10,61,331,,18,36,081,39,28,00,176,40*71
$GPGSV,3,2,09,29,08,147,35,32,49,181,48,40,60,171,38,42,38,117,43*7D
$GPGSV,3,3,09,50,04,096,*4E
$GPGLL,2520.04110,N,05128.18263,E,061519.00,A,D*67
$GPRMC,061520.00,A,2520.04098,N,05128.18265,E,0.876,,210726,,,D*7A
$GPVTG,,T,,M,0.876,N,1.622,K,D*28
$GPGGA,061520.00,2520.04098,N,05128.18265,E,2,04,4.80,78.8,M,-24.7,M,,0000*4A
$GPGSA,A,3,32,18,29,28,,,,,,,,,5.79,4.80,3.25*08
$GPGSV,3,1,09,08,17,318,21,10,61,331,,18,36,081,39,28,00,176,40*73
$GPGSV,3,2,09,29,08,147,35,32,49,181,48,40,60,171,38,42,38,117,43*7D
$GPGSV,3,3,09,50,04,096,*4E
$GPGLL,2520.04098,N,05128.18265,E,061520.00,A,D*6A
$GPRMC,061521.00,A,2520.04097,N,05128.18248,E,0.516,,210726,,,D*70
$GPVTG,,T,,M,0.516,N,0.955,K,D*2D
$GPGGA,061521.00,2520.04097,N,05128.18248,E,2,04,4.80,78.8,M,-24.7,M,,0000*4B
$GPGSA,A,3,32,18,29,28,,,,,,,,,5.79,4.80,3.25*08
$GPGSV,3,1,09,08,17,318,21,10,61,331,24,18,36,081,39,28,00,176,40*75
$GPGSV,3,2,09,29,08,147,35,32,49,181,48,40,60,171,38,42,38,117,42*7C
$GPGSV,3,3,09,50,04,096,*4E
$GPGLL,2520.04097,N,05128.18248,E,061521.00,A,D*6B
$GPRMC,061522.00,A,2520.04105,N,05128.18224,E,0.301,,210726,,,D*73
$GPVTG,,T,,M,0.301,N,0.557,K,D*23
$GPGGA,061522.00,2520.04105,N,05128.18224,E,2,04,4.80,78.8,M,-24.7,M,,0000*48
$GPGSA,A,3,32,18,29,28,,,,,,,,,5.80,4.80,3.25*0E
$GPGSV,3,1,09,08,17,318,21,10,61,331,,18,36,081,39,28,00,176,40*73
$GPGSV,3,2,09,29,08,147,35,32,49,181,48,40,60,171,38,42,38,117,42*7C
$GPGSV,3,3,09,50,04,096,*4E
$GPGLL,2520.04105,N,05128.18224,E,061522.00,A,D*68
$GPRMC,061523.00,A,2520.04120,N,05128.18215,E,0.116,,210726,,,D*73
$GPVTG,,T,,M,0.116,N,0.214,K,D*27
$GPGGA,061523.00,2520.04120,N,05128.18215,E,2,04,4.80,78.8,M,-24.7,M,,0000*4C
$GPGSA,A,3,32,18,29,28,,,,,,,,,5.80,4.80,3.25*0E
$GPGSV,3,1,09,08,17,318,21,10,61,331,,18,36,081,39,28,00,176,40*73
$GPGSV,3,2,09,29,08,147,35,32,49,181,48,40,60,171,38,42,38,117,42*7C
$GPGSV,3,3,09,50,04,096,*4E
$GPGLL,2520.04120,N,05128.18215,E,061523.00,A,D*6C
$GPRMC,061524.00,A,2520.04135,N,05128.18214,E,0.237,,210726,,,D*71
$GPVTG,,T,,M,0.237,N,0.439,K,D*2E
$GPGGA,061524.00,2520.04135,N,05128.18214,E,2,04,4.81,78.6,M,-24.7,M,,0000*41
$GPGSA,A,3,32,18,29,28,,,,,,,,,5.80,4.81,3.25*0F
$GPGSV,3,1,09,08,17,318,22,10,61,331,,18,36,081,39,28,00,176,39*7E
$GPGSV,3,2,09,29,08,147,35,32,49,181,48,40,60,171,38,42,38,117,42*7C
$GPGSV,3,3,09,50,04,096,*4E
$GPGLL,2520.04135,N,05128.18214,E,061524.00,A,D*6E
$GPRMC,061525.00,A,2520.04143,N,05128.18216,E,0.031,,210726,,,D*77
$GPVTG,,T,,M,0.031,N,0.058,K,D*29
$GPGGA,061525.00,2520.04143,N,05128.18216,E,2,04,4.81,78.5,M,-24.7,M,,0000*40
$GPGSA,A,3,32,18,29,28,,,,,,,,,5.81,4.81,3.25*0E
$GPGSV,3,1,09,08,17,318,23,10,61,331,,18,36,081,39,28,00,176,39*7F
$GPGSV,3,2,09,29,08,147,35,32,49,181,48,40,60,171,39,42,38,117,43*7C
$GPGSV,3,3,09,50,04,096,*4E
$GPGLL,2520.04143,N,05128.18216,E,061525.00,A,D*6C
$GPRMC,061526.00,A,2520.04138,N,05128.18226,E,0.199,,210726,,,D*78
$GPVTG,,T,,M,0.199,N,0.369,K,D*2B
$GPGGA,061526.00,2520.04138,N,05128.18226,E,2,04,4.81,78.5,M,-24.7,M,,0000*4C
$GPGSA,A,3,32,18,29,28,,,,,,,,,5.81,4.81,3.26*0D
$GPGSV,3,1,09,08,17,318,23,10,61,331,,18,36,081,39,28,00,176,39*7F
$GPGSV,3,2,09,29,08,147,34,32,49,181,48,40,60,171,38,42,38,117,42*7D
$GPGSV,3,3,09,50,04,096,*4E
$GPGLL,2520.04138,N,05128.18226,E,061526.00,A,D*60
$GPRMC,061527.00,A,2520.04124,N,05128.18246,E,0.664,,210726,,,D*77
$GPVTG,,T,,M,0.664,N,1.229,K,D*2A
$GPGGA,061527.00,2520.04124,N,05128.18246,E,2,04,4.81,78.4,M,-24.7,M,,0000*47
$GPGSA,A,3,32,18,29,28,,,,,,,,,5.81,4.81,3.26*0D
$GPGSV,3,1,09,08,17,318,23,10,61,331,,18,36,081,39,28,00,176,39*7F
$GPGSV,3,2,09,29,08,147,34,32,49,181,48,40,60,171,39,42,38,117,42*7C
$GPGSV,3,3,09,50,04,096,*4E
$GPGLL,2520.04124,N,05128.18246,E,061527.00,A,D*6A
$GPRMC,061528.00,A,2520.04133,N,05128.18244,E,0.163,,210726,,,D*7C
$GPVTG,,T,,M,0.163,N,0.302,K,D*23
$GPGGA,061528.00,2520.04133,N,05128.18244,E,2,04,4.82,78.2,M,-24.7,M,,0000*49
$GPGSA,A,3,32,18,29,28,,,,,,,,,5.82,4.82,3.26*0D
$GPGSV,3,1,09,08,17,318,23,10,61,331,,18,36,081,39,28,00,176,39*7F
$GPGSV,3,2,09,29,08,147,35,32,49,181,48,40,60,171,39,42,38,117,42*7D
$GPGSV,3,3,09,50,04,096,*4E
$GPGLL,2520.04133,N,05128.18244,E,061528.00,A,D*61
$GPRMC,061529.00,A,2520.04132,N,05128.18252,E,0.623,,210726,,,D*78
$GPVTG,,T,,M,0.623,N,1.153,K,D*27
$GPGGA,061529.00,2520.04132,N,05128.18252,E,2,04,4.82,78.1,M,-24.7,M,,0000*4D
$GPGSA,A,3,32,18,29,28,,,,,,,,,5.82,4.82,3.26*0D
$GPGSV,3,1,09,08,17,318,24,10,61,331,22,18,36,081,39,28,00,176,39*78
$GPGSV,3,2,09,29,07,147,34,32,49,181,48,40,60,171,39,42,38,117,43*72
$GPGSV,3,3,09,50,04,096,*4E
$GPGLL,2520.04132,N,05128.18252,E,061529.00,A,D*66
$GPRMC,061530.00,A,2520.04131,N,05128.18261,E,0.362,,210726,,,D*73
$GPVTG,,T,,M,0.362,N,0.670,K,D*20
$GPGGA,061530.00,2520.04131,N,05128.18261,E,2,04,4.82,78.1,M,-24.7,M,,0000*46
$GPGSA,A,3,32,18,29,28,,,,,,,,,5.82,4.82,3.26*0D
$GPGSV,3,1,09,08,17,318,23,10,61,331,,18,36,081,39,28,00,176,38*7E
$GPGSV,3,2,09,29,07,147,34,32,49,181,48,40,60,171,39,42,38,117,42*73
$GPGSV,3,3,09,50,04,096,*4E
$GPGLL,2520.04131,N,05128.18261,E,061530.00,A,D*6D
$GPRMC,061531.00,A,2520.04140,N,05128.18247,E,0.156,,210726,,,D*75
$GPVTG,,T,,M,0.156,N,0.288,K,D*26
$GPGGA,061531.00,2520.04140,N,05128.18247,E,2,04,4.83,78.0,M,-24.7,M,,0000*45
$GPGSA,A,3,32,18,29,28,,,,,,,,,5.83,4.83,3.26*0D
$GPGSV,3,1,09,08,17,318,24,10,61,331,,18,36,081,39,28,00,176,39*78
$GPGSV,3,2,09,29,07,147,35,32,49,181,48,40,60,171,39,42,38,117,42*72
$GPGSV,3,3,09,50,04,096,*4E
$GPGLL,2520.04140,N,05128.18247,E,061531.00,A,D*6E
$GPRMC,061532.00,A,2520.04151,N,05128.18234,E,0.209,,210726,,,D*7B
$GPVTG,,T,,M,0.209,N,0.388,K,D*2E
$GPGGA,061532.00,2520.04151,N,05128.18234,E,2,04,4.83,77.9,M,-24.7,M,,0000*44
$GPGSA,A,3,32,18,29,28,,,,,,,,,5.83,4.83,3.27*0C
$GPGSV,3,1,09,08,17,318,24,10,61,331,,18,36,081,39,28,00,176,38*79
$GPGSV,3,2,09,29,07,147,34,32,50,181,48,40,60,171,39,42,38,117,43*7A
$GPGSV,3,3,09,50,04,096,*4E
$GPGLL,2520.04151,N,05128.18234,E,061532.00,A,D*69
