$GNGGA,061407.700,2520.056022,N,05128.164762,E,1,04,1.99,35.833,M,-24.283,M,,*60
$GNRMC,061407.700,A,2520.056022,N,05128.164762,E,0.132,000.00,210726,,,A,V*31
$GNGLL,2520.056022,N,05128.164762,E,061407.700,A,A*4C
$GNVTG,000.00,T,,M,0.132,N,0.245,K,A*20
$GNGGA,061407.800,2520.056024,N,05128.164760,E,1,04,1.99,35.833,M,-24.283,M,,*6B
$GNRMC,061407.800,A,2520.056024,N,05128.164760,E,0.132,000.00,210726,,,A,V*3A
$GNGLL,2520.056024,N,05128.164760,E,061407.800,A,A*47
$GNVTG,000.00,T,,M,0.132,N,0.245,K,A*20
$GNGGA,061407.900,2520.056027,N,05128.164757,E,1,04,1.99,35.833,M,-24.283,M,,*6D
$GNRMC,061407.900,A,2520.056027,N,05128.164757,E,0.132,000.00,210726,,,A,V*3C
$GNGLL,2520.056027,N,05128.164757,E,061407.900,A,A*41
$GNVTG,000.00,T,,M,0.132,N,0.245,K,A*20
$GNGGA,061408.000,2520.056029,N,05128.164755,E,1,04,1.99,35.833,M,-24.283,M,,*67
$GNRMC,061408.000,A,2520.056029,N,05128.164755,E,0.132,000.00,210726,,,A,V*36
$GNGLL,2520.056029,N,05128.164755,E,061408.000,A,A*4B
$GNVTG,000.00,T,,M,0.132,N,0.245,K,A*20
$GNGSA,A,3,18,23,29,32,,,,,,,,,2.21,1.99,0.96,1*0C
$GNGSA,A,3,,,,,,,,,,,,,2.21,1.99,0.96,2*0D
$GNGSA,A,3,,,,,,,,,,,,,2.21,1.99,0.96,3*0C
$GNGSA,A,3,,,,,,,,,,,,,2.21,1.99,0.96,4*0B
$GNGSA,A,3,,,,,,,,,,,,,2.21,1.99,0.96,5*0A
$GPGSV,2,1,07,10,,,28,18,36,080,36,23,43,025,31,27,,,24,1*6A
$GPGSV,2,2,07,29,08,148,37,32,49,181,47,36,52,220,29,1*57
$GPGSV,1,1,00,8*6D
$GLGSV,1,1,03,68,30,206,34,81,54,068,32,88,15,118,41,1*4B
$GAGSV,1,1,01,08,,,41,7*7F
$GAGSV,1,1,00,1*75
$GBGSV,1,1,02,07,06,104,29,34,27,125,40,1*7B
$GBGSV,1,1,00,5*72
$GQGSV,1,1,00,1*65
$GQGSV,1,1,00,8*6C
$GNGGA,061408.100,2520.056019,N,05128.164770,E,1,04,1.99,35.811,M,-24.283,M,,*62
$GNRMC,061408.100,A,2520.056019,N,05128.164770,E,0.111,000.00,210726,,,A,V*32
$GNGLL,2520.056019,N,05128.164770,E,061408.100,A,A*4E
$GNVTG,000.00,T,,M,0.111,N,0.205,K,A*25
$GNGGA,061408.200,2520.056020,N,05128.164768,E,1,04,1.99,35.811,M,-24.283,M,,*62
$GNRMC,061408.200,A,2520.056020,N,05128.164768,E,0.111,000.00,210726,,,A,V*32
$GNGLL,2520.056020,N,05128.164768,E,061408.200,A,A*4E
$GNVTG,000.00,T,,M,0.111,N,0.205,K,A*25
$GNGGA,061408.300,2520.056022,N,05128.164766,E,1,04,1.99,35.811,M,-24.283,M,,*6F
$GNRMC,061408.300,A,2520.056022,N,05128.164766,E,0.111,000.00,210726,,,A,V*3F
$GNGLL,2520.056022,N,05128.164766,E,061408.300,A,A*43
$GNVTG,000.00,T,,M,0.111,N,0.205,K,A*25
$GNGGA,061408.400,2520.056024,N,05128.164764,E,1,04,1.99,35.812,M,-24.283,M,,*6F
$GNRMC,061408.400,A,2520.056024,N,05128.164764,E,0.111,000.00,210726,,,A,V*3C
$GNGLL,2520.056024,N,05128.164764,E,061408.400,A,A*40
$GNVTG,000.00,T,,M,0.111,N,0.205,K,A*25
$GNGGA,061408.500,2520.056026,N,05128.164762,E,1,04,1.99,35.812,M,-24.283,M,,*6A
$GNRMC,061408.500,A,2520.056026,N,05128.164762,E,0.111,000.00,210726,,,A,V*39
$GNGLL,2520.056026,N,05128.164762,E,061408.500,A,A*45
$GNVTG,000.00,T,,M,0.111,N,0.205,K,A*25
$GNGGA,061408.600,2520.056027,N,05128.164760,E,1,04,1.99,35.812,M,-24.283,M,,*6A
$GNRMC,061408.600,A,2520.056027,N,05128.164760,E,0.111,000.00,210726,,,A,V*39
$GNGLL,2520.056027,N,05128.164760,E,061408.600,A,A*45
$GNVTG,000.00,T,,M,0.111,N,0.205,K,A*25
$GNGGA,061408.700,2520.056029,N,05128.164758,E,1,04,1.99,35.812,M,-24.283,M,,*6E
$GNRMC,061408.700,A,2520.056029,N,05128.164758,E,0.111,000.00,210726,,,A,V*3D
$GNGLL,2520.056029,N,05128.164758,E,061408.700,A,A*41
$GNVTG,000.00,T,,M,0.111,N,0.205,K,A*25
$GNGGA,061408.800,2520.056031,N,05128.164756,E,1,04,1.99,35.813,M,-24.283,M,,*67
$GNRMC,061408.800,A,2520.056031,N,05128.164756,E,0.111,000.00,210726,,,A,V*35
$GNGLL,2520.056031,N,05128.164756,E,061408.800,A,A*49
$GNVTG,000.00,T,,M,0.111,N,0.205,K,A*25
$GNGGA,061408.900,2520.056033,N,05128.164754,E,1,04,1.99,35.813,M,-24.283,M,,*66
$GNRMC,061408.900,A,2520.056033,N,05128.164754,E,0.111,000.00,210726,,,A,V*34
$GNGLL,2520.056033,N,05128.164754,E,061408.900,A,A*48
$GNVTG,000.00,T,,M,0.111,N,0.205,K,A*25
$GNGGA,061409.000,2520.056034,N,05128.164752,E,1,04,1.99,35.813,M,-24.283,M,,*6F
$GNRMC,061409.000,A,2520.056034,N,05128.164752,E,0.111,000.00,210726,,,A,V*3D
$GNGLL,2520.056034,N,05128.164752,E,061409.000,A,A*41
$GNVTG,000.00,T,,M,0.111,N,0.205,K,A*25
$GNGSA,A,3,18,23,29,32,,,,,,,,,2.21,1.99,0.96,1*0C
$GNGSA,A,3,,,,,,,,,,,,,2.21,1.99,0.96,2*0D
$GNGSA,A,3,,,,,,,,,,,,,2.21,1.99,0.96,3*0C
$GNGSA,A,3,,,,,,,,,,,,,2.21,1.99,0.96,4*0B
$GNGSA,A,3,,,,,,,,,,,,,2.21,1.99,0.96,5*0A
$GPGSV,2,1,08,03,,,20,10,,,28,18,36,080,37,23,43,025,31,1*66
$GPGSV,2,2,08,27,,,19,29,08,148,37,32,49,181,48,36,52,220,29,1*5A
$GPGSV,1,1,00,8*6D
$GLGSV,1,1,03,68,30,206,34,81,54,068,32,88,15,118,41,1*4B
$GAGSV,1,1,01,08,44,166,41,7*4E
$GAGSV,1,1,00,1*75
$GBGSV,1,1,02,07,06,104,28,34,27,125,40,1*7A
$GBGSV,1,1,00,5*72
$GQGSV,1,1,00,1*65
$GQGSV,1,1,00,8*6C
$GNGGA,061409.100,2520.056037,N,05128.164739,E,1,04,1.99,35.789,M,-24.284,M,,*6B
$GNRMC,061409.100,A,2520.056037,N,05128.164739,E,0.101,000.00,210726,,,A,V*33
$GNGLL,2520.056037,N,05128.164739,E,061409.100,A,A*4E
$GNVTG,000.00,T,,M,0.101,N,0.187,K,A*2D
$GNGGA,061409.200,2520.056038,N,05128.164737,E,1,04,1.99,35.789,M,-24.284,M,,*69
$GNRMC,061409.200,A,2520.056038,N,05128.164737,E,0.101,000.00,210726,,,A,V*31
$GNGLL,2520.056038,N,05128.164737,E,061409.200,A,A*4C
$GNVTG,000.00,T,,M,0.101,N,0.187,K,A*2D
$GNGGA,061409.300,2520.056040,N,05128.164735,E,1,04,1.99,35.790,M,-24.284,M,,*6D
$GNRMC,061409.300,A,2520.056040,N,05128.164735,E,0.101,000.00,210726,,,A,V*3D
$GNGLL,2520.056040,N,05128.164735,E,061409.300,A,A*40
$GNVTG,000.00,T,,M,0.101,N,0.187,K,A*2D
$GNGGA,061409.400,2520.056042,N,05128.164733,E,1,04,1.99,35.790,M,-24.284,M,,*6E
$GNRMC,061409.400,A,2520.056042,N,05128.164733,E,0.101,000.00,210726,,,A,V*3E
$GNGLL,2520.056042,N,05128.164733,E,061409.400,A,A*43
$GNVTG,000.00,T,,M,0.101,N,0.187,K,A*2D
$GNGGA,061409.500,2520.056043,N,05128.164731,E,1,04,1.99,35.790,M,-24.284,M,,*6C
$GNRMC,061409.500,A,2520.056043,N,05128.164731,E,0.101,000.00,210726,,,A,V*3C
$GNGLL,2520.056043,N,05128.164731,E,061409.500,A,A*41
$GNVTG,000.00,T,,M,0.101,N,0.187,K,A*2D
$GNGGA,061409.600,2520.056045,N,05128.164729,E,1,04,1.99,35.791,M,-24.284,M,,*61
$GNRMC,061409.600,A,2520.056045,N,05128.164729,E,0.101,000.00,210726,,,A,V*30
$GNGLL,2520.056045,N,05128.164729,E,061409.600,A,A*4D
$GNVTG,000.00,T,,M,0.101,N,0.187,K,A*2D
$GNGGA,061409.700,2520.056047,N,05128.164727,E,1,04,1.99,35.791,M,-24.284,M,,*6C
$GNRMC,061409.700,A,2520.056047,N,05128.164727,E,0.101,000.00,210726,,,A,V*3D
$GNGLL,2520.056047,N,05128.164727,E,061409.700,A,A*40
$GNVTG,000.00,T,,M,0.101,N,0.187,K,A*2D
$GNGGA,061409.800,2520.056049,N,05128.164724,E,1,04,1.99,35.791,M,-24.284,M,,*6E
$GNRMC,061409.800,A,2520.056049,N,05128.164724,E,0.101,000.00,210726,,,A,V*3F
$GNGLL,2520.056049,N,05128.164724,E,061409.800,A,A*42
$GNVTG,000.00,T,,M,0.101,N,0.187,K,A*2D
$GNGGA,061409.900,2520.056050,N,05128.164722,E,1,04,1.99,35.791,M,-24.284,M,,*61
$GNRMC,061409.900,A,2520.056050,N,05128.164722,E,0.101,000.00,210726,,,A,V*30
$GNGLL,2520.056050,N,05128.164722,E,061409.900,A,A*4D
$GNVTG,000.00,T,,M,0.101,N,0.187,K,A*2D
$GNGGA,061410.000,2520.056052,N,05128.164720,E,1,04,1.99,35.792,M,-24.284,M,,*63
$GNRMC,061410.000,A,2520.056052,N,05128.164720,E,0.101,000.00,210726,,,A,V*31
$GNGLL,2520.056052,N,05128.164720,E,061410.000,A,A*4C
$GNVTG,000.00,T,,M,0.101,N,0.187,K,A*2D
$GNGSA,A,3,18,23,29,32,,,,,,,,,2.21,1.99,0.96,1*0C
$GNGSA,A,3,,,,,,,,,,,,,2.21,1.99,0.96,2*0D
$GNGSA,A,3,,,,,,,,,,,,,2.21,1.99,0.96,3*0C
$GNGSA,A,3,,,,,,,,,,,,,2.21,1.99,0.96,4*0B
$GNGSA,A,3,,,,,,,,,,,,,2.21,1.99,0.96,5*0A
$GPGSV,2,1,07,03,,,23,10,,,28,18,36,080,37,23,43,025,31,1*6A
$GPGSV,2,2,07,29,08,148,37,32,49,181,48,36,52,220,29,1*58
$GPGSV,1,1,00,8*6D
$GLGSV,1,1,03,68,30,206,35,81,54,068,32,88,15,118,41,1*4A
$GAGSV,1,1,01,08,44,166,41,7*4E
$GAGSV,1,1,00,1*75
$GBGSV,1,1,02,07,06,104,28,34,27,125,40,1*7A
$GBGSV,1,1,00,5*72
$GQGSV,1,1,00,1*65
$GQGSV,1,1,00,8*6C
$GNGGA,061410.100,2520.056098,N,05128.164672,E,1,04,1.99,35.740,M,-24.283,M,,*6A
$GNRMC,061410.100,A,2520.056098,N,05128.164672,E,0.105,000.00,210726,,,A,V*34
$GNGLL,2520.056098,N,05128.164672,E,061410.100,A,A*4D
$GNVTG,000.00,T,,M,0.105,N,0.194,K,A*2B
$GNGGA,061410.200,2520.056101,N,05128.164669,E,1,04,1.99,35.739,M,-24.283,M,,*6C
$GNRMC,061410.200,A,2520.056101,N,05128.164669,E,0.105,000.00,210726,,,A,V*3C
$GNGLL,2520.056101,N,05128.164669,E,061410.200,A,A*45
$GNVTG,000.00,T,,M,0.105,N,0.194,K,A*2B
$GNGGA,061410.300,2520.056104,N,05128.164667,E,1,04,1.99,35.739,M,-24.283,M,,*66
$GNRMC,061410.300,A,2520.056104,N,05128.164667,E,0.105,000.00,210726,,,A,V*36
$GNGLL,2520.056104,N,05128.164667,E,061410.300,A,A*4F
$GNVTG,000.00,T,,M,0.105,N,0.194,K,A*2B
$GNGGA,061410.400,2520.056107,N,05128.164664,E,1,04,1.99,35.739,M,-24.283,M,,*61
$GNRMC,061410.400,A,2520.056107,N,05128.164664,E,0.105,000.00,210726,,,A,V*31
$GNGLL,2520.056107,N,05128.164664,E,061410.400,A,A*48
$GNVTG,000.00,T,,M,0.105,N,0.194,K,A*2B
$GNGGA,061410.500,2520.056110,N,05128.164661,E,1,04,1.99,35.739,M,-24.283,M,,*63
$GNRMC,061410.500,A,2520.056110,N,05128.164661,E,0.105,000.00,210726,,,A,V*33
$GNGLL,2520.056110,N,05128.164661,E,061410.500,A,A*4A
$GNVTG,000.00,T,,M,0.105,N,0.194,K,A*2B
$GNGGA,061410.600,2520.056113,N,05128.164658,E,1,04,1.99,35.738,M,-24.283,M,,*68
$GNRMC,061410.600,A,2520.056113,N,05128.164658,E,0.105,000.00,210726,,,A,V*39
$GNGLL,2520.056113,N,05128.164658,E,061410.600,A,A*40
$GNVTG,000.00,T,,M,0.105,N,0.194,K,A*2B
$GNGGA,061410.700,2520.056116,N,05128.164655,E,1,04,1.99,35.738,M,-24.283,M,,*61
$GNRMC,061410.700,A,2520.056116,N,05128.164655,E,0.105,000.00,210726,,,A,V*30
$GNGLL,2520.056116,N,05128.164655,E,061410.700,A,A*49
$GNVTG,000.00,T,,M,0.105,N,0.194,K,A*2B
$GNGGA,061410.800,2520.056120,N,05128.164653,E,1,04,1.99,35.738,M,-24.283,M,,*6D
$GNRMC,061410.800,A,2520.056120,N,05128.164653,E,0.105,000.00,210726,,,A,V*3C
$GNGLL,2520.056120,N,05128.164653,E,061410.800,A,A*45
$GNVTG,000.00,T,,M,0.105,N,0.194,K,A*2B
$GNGGA,061410.900,2520.056123,N,05128.164650,E,1,04,1.99,35.738,M,-24.283,M,,*6C
$GNRMC,061410.900,A,2520.056123,N,05128.164650,E,0.105,000.00,210726,,,A,V*3D
$GNGLL,2520.056123,N,05128.164650,E,061410.900,A,A*44
$GNVTG,000.00,T,,M,0.105,N,0.194,K,A*2B
$GNGGA,061411.000,2520.056126,N,05128.164647,E,1,04,1.99,35.737,M,-24.283,M,,*68
$GNRMC,061411.000,A,2520.056126,N,05128.164647,E,0.105,000.00,210726,,,A,V*36
$GNGLL,2520.056126,N,05128.164647,E,061411.000,A,A*4F
$GNVTG,000.00,T,,M,0.105,N,0.194,K,A*2B
$GNGSA,A,3,18,23,29,32,,,,,,,,,2.21,1.99,0.96,1*0C
$GNGSA,A,3,,,,,,,,,,,,,2.21,1.99,0.96,2*0D
$GNGSA,A,3,,,,,,,,,,,,,2.21,1.99,0.96,3*0C
$GNGSA,A,3,,,,,,,,,,,,,2.21,1.99,0.96,4*0B
$GNGSA,A,3,,,,,,,,,,,,,2.21,1.99,0.96,5*0A
$GPGSV,2,1,07,03,,,25,10,,,28,18,36,080,37,23,43,025,31,1*6C
$GPGSV,2,2,07,29,08,148,37,32,49,181,48,36,52,220,29,1*58
$GPGSV,1,1,00,8*6D
$GLGSV,1,1,03,68,30,206,35,81,54,068,32,88,15,118,42,1*49
$GAGSV,1,1,01,08,44,166,41,7*4E
$GAGSV,1,1,00,1*75
$GBGSV,1,1,02,07,06,104,28,34,27,125,40,1*7A
$GBGSV,1,1,00,5*72
$GQGSV,1,1,00,1*65
$GQGSV,1,1,00,8*6C
$GNGGA,061411.100,2520.056110,N,05128.164646,E,1,04,1.99,35.690,M,-24.283,M,,*61
$GNRMC,061411.100,A,2520.056110,N,05128.164646,E,0.109,000.00,210726,,,A,V*3F
$GNGLL,2520.056110,N,05128.164646,E,061411.100,A,A*4A
$GNVTG,000.00,T,,M,0.109,N,0.202,K,A*2B
$GNGGA,061411.200,2520.056113,N,05128.164642,E,1,04,1.99,35.690,M,-24.283,M,,*65
$GNRMC,061411.200,A,2520.056113,N,05128.164642,E,0.109,000.00,210726,,,A,V*3B
$GNGLL,2520.056113,N,05128.164642,E,061411.200,A,A*4E
$GNVTG,000.00,T,,M,0.109,N,0.202,K,A*2B
$GNGGA,061411.300,2520.056115,N,05128.164639,E,1,04,1.99,35.690,M,-24.283,M,,*6E
$GNRMC,061411.300,A,2520.056115,N,05128.164639,E,0.109,000.00,210726,,,A,V*30
$GNGLL,2520.056115,N,05128.164639,E,061411.300,A,A*45
$GNVTG,000.00,T,,M,0.109,N,0.202,K,A*2B
$GNGGA,061411.400,2520.056117,N,05128.164636,E,1,04,1.99,35.690,M,-24.283,M,,*64
$GNRMC,061411.400,A,2520.056117,N,05128.164636,E,0.109,000.00,210726,,,A,V*3A
$GNGLL,2520.056117,N,05128.164636,E,061411.400,A,A*4F
$GNVTG,000.00,T,,M,0.109,N,0.202,K,A*2B
$GNGGA,061411.500,2520.056120,N,05128.164633,E,1,04,1.99,35.690,M,-24.283,M,,*64
$GNRMC,061411.500,A,2520.056120,N,05128.164633,E,0.109,000.00,210726,,,A,V*3A
$GNGLL,2520.056120,N,05128.164633,E,061411.500,A,A*4F
$GNVTG,000.00,T,,M,0.109,N,0.202,K,A*2B
$GNGGA,061411.600,2520.056122,N,05128.164629,E,1,04,1.99,35.690,M,-24.283,M,,*6E
$GNRMC,061411.600,A,2520.056122,N,05128.164629,E,0.109,000.00,210726,,,A,V*30
$GNGLL,2520.056122,N,05128.164629,E,061411.600,A,A*45
$GNVTG,000.00,T,,M,0.109,N,0.202,K,A*2B
$GNGGA,061411.700,2520.056125,N,05128.164626,E,1,04,1.99,35.690,M,-24.283,M,,*67
$GNRMC,061411.700,A,2520.056125,N,05128.164626,E,0.109,000.00,210726,,,A,V*39
$GNGLL,2520.056125,N,05128.164626,E,061411.700,A,A*4C
$GNVTG,000.00,T,,M,0.109,N,0.202,K,A*2B
$GNGGA,061411.800,2520.056127,N,05128.164623,E,1,04,1.99,35.689,M,-24.283,M,,*67
$GNRMC,061411.800,A,2520.056127,N,05128.164623,E,0.109,000.00,210726,,,A,V*31
$GNGLL,2520.056127,N,05128.164623,E,061411.800,A,A*44
$GNVTG,000.00,T,,M,0.109,N,0.202,K,A*2B
$GNGGA,061411.900,2520.056130,N,05128.164620,E,1,04,1.99,35.689,M,-24.283,M,,*63
$GNRMC,061411.900,A,2520.056130,N,05128.164620,E,0.109,000.00,210726,,,A,V*35
$GNGLL,2520.056130,N,05128.164620,E,061411.900,A,A*40
$GNVTG,000.00,T,,M,0.109,N,0.202,K,A*2B
$GNGGA,061412.000,2520.056132,N,05128.164616,E,1,04,1.99,35.689,M,-24.283,M,,*6E
$GNRMC,061412.000,A,2520.056132,N,05128.164616,E,0.109,000.00,210726,,,A,V*38
$GNGLL,2520.056132,N,05128.164616,E,061412.000,A,A*4D
$GNVTG,000.00,T,,M,0.109,N,0.202,K,A*2B
$GNGSA,A,3,18,23,29,32,,,,,,,,,2.21,1.99,0.96,1*0C
$GNGSA,A,3,,,,,,,,,,,,,2.21,1.99,0.96,2*0D
$GNGSA,A,3,,,,,,,,,,,,,2.21,1.99,0.96,3*0C
$GNGSA,A,3,,,,,,,,,,,,,2.21,1.99,0.96,4*0B
$GNGSA,A,3,,,,,,,,,,,,,2.21,1.99,0.96,5*0A
$GPGSV,2,1,07,03,,,20,10,,,28,18,36,080,37,23,43,025,31,1*69
$GPGSV,2,2,07,29,08,148,37,32,49,181,48,36,52,220,29,1*58
$GPGSV,1,1,00,8*6D
$GLGSV,1,1,03,68,30,206,35,81,54,068,32,88,15,118,42,1*49
$GAGSV,1,1,01,08,44,166,41,7*4E
$GAGSV,1,1,00,1*75
$GBGSV,1,1,02,07,06,104,29,34,27,125,40,1*7B
$GBGSV,1,1,00,5*72
$GQGSV,1,1,00,1*65
$GQGSV,1,1,00,8*6C
$GNGGA,061412.100,2520.056138,N,05128.164609,E,1,04,1.99,35.628,M,-24.283,M,,*60
$GNRMC,061412.100,A,2520.056138,N,05128.164609,E,0.115,000.00,210726,,,A,V*30
$GNGLL,2520.056138,N,05128.164609,E,061412.100,A,A*48
$GNVTG,000.00,T,,M,0.115,N,0.212,K,A*27
$GNGGA,061412.200,2520.056140,N,05128.164607,E,1,04,1.99,35.628,M,-24.283,M,,*62
$GNRMC,061412.200,A,2520.056140,N,05128.164607,E,0.115,000.00,210726,,,A,V*32
$GNGLL,2520.056140,N,05128.164607,E,061412.200,A,A*4A
$GNVTG,000.00,T,,M,0.115,N,0.212,K,A*27
$GNGGA,061412.300,2520.056143,N,05128.164605,E,1,04,1.99,35.628,M,-24.283,M,,*62
$GNRMC,061412.300,A,2520.056143,N,05128.164605,E,0.115,000.00,210726,,,A,V*32
$GNGLL,2520.056143,N,05128.164605,E,061412.300,A,A*4A
$GNVTG,000.00,T,,M,0.115,N,0.212,K,A*27
$GNGGA,061412.400,2520.056145,N,05128.164602,E,1,04,1.99,35.628,M,-24.283,M,,*64
$GNRMC,061412.400,A,2520.056145,N,05128.164602,E,0.115,000.00,210726,,,A,V*34
$GNGLL,2520.056145,N,05128.164602,E,061412.400,A,A*4C
$GNVTG,000.00,T,,M,0.115,N,0.212,K,A*27
$GNGGA,061412.500,2520.056148,N,05128.164600,E,1,04,1.99,35.628,M,-24.283,M,,*6A
$GNRMC,061412.500,A,2520.056148,N,05128.164600,E,0.115,000.00,210726,,,A,V*3A
$GNGLL,2520.056148,N,05128.164600,E,061412.500,A,A*42
$GNVTG,000.00,T,,M,0.115,N,0.212,K,A*27
$GNGGA,061412.600,2520.056150,N,05128.164597,E,1,04,1.99,35.628,M,-24.283,M,,*6D
$GNRMC,061412.600,A,2520.056150,N,05128.164597,E,0.115,000.00,210726,,,A,V*3D
$GNGLL,2520.056150,N,05128.164597,E,061412.600,A,A*45
$GNVTG,000.00,T,,M,0.115,N,0.212,K,A*27
$GNGGA,061412.700,2520.056152,N,05128.164595,E,1,04,1.99,35.628,M,-24.283,M,,*6C
$GNRMC,061412.700,A,2520.056152,N,05128.164595,E,0.115,000.00,210726,,,A,V*3C
$GNGLL,2520.056152,N,05128.164595,E,061412.700,A,A*44
$GNVTG,000.00,T,,M,0.115,N,0.212,K,A*27
$GNGGA,061412.800,2520.056155,N,05128.164592,E,1,04,1.99,35.628,M,-24.283,M,,*63
$GNRMC,061412.800,A,2520.056155,N,05128.164592,E,0.115,000.00,210726,,,A,V*33
$GNGLL,2520.056155,N,05128.164592,E,061412.800,A,A*4B
$GNVTG,000.00,T,,M,0.115,N,0.212,K,A*27
$GNGGA,061412.900,2520.056157,N,05128.164590,E,1,04,1.99,35.628,M,-24.283,M,,*62
$GNRMC,061412.900,A,2520.056157,N,05128.164590,E,0.115,000.00,210726,,,A,V*32
$GNGLL,2520.056157,N,05128.164590,E,061412.900,A,A*4A
$GNVTG,000.00,T,,M,0.115,N,0.212,K,A*27
$GNGGA,061413.000,2520.056160,N,05128.164588,E,1,04,1.99,35.628,M,-24.283,M,,*67
$GNRMC,061413.000,A,2520.056160,N,05128.164588,E,0.115,000.00,210726,,,A,V*37
$GNGLL,2520.056160,N,05128.164588,E,061413.000,A,A*4F
$GNVTG,000.00,T,,M,0.115,N,0.212,K,A*27
$GNGSA,A,3,18,23,29,32,,,,,,,,,2.21,1.99,0.96,1*0C
$GNGSA,A,3,,,,,,,,,,,,,2.21,1.99,0.96,2*0D
$GNGSA,A,3,,,,,,,,,,,,,2.21,1.99,0.96,3*0C
$GNGSA,A,3,,,,,,,,,,,,,2.21,1.99,0.96,4*0B
$GNGSA,A,3,,,,,,,,,,,,,2.21,1.99,0.96,5*0A
$GPGSV,2,1,08,03,,,23,10,,,27,18,36,080,37,23,43,025,31,1*6A
$GPGSV,2,2,08,24,,,15,29,08,148,37,32,49,181,48,36,52,220,29,1*55
$GPGSV,1,1,00,8*6D
$GLGSV,1,1,03,68,30,206,36,81,54,068,32,88,15,118,42,1*4A
$GAGSV,1,1,01,08,44,166,41,7*4E
$GAGSV,1,1,00,1*75
$GBGSV,1,1,02,07,06,104,29,34,27,125,40,1*7B
$GBGSV,1,1,00,5*72
$GQGSV,1,1,00,1*65
$GQGSV,1,1,00,8*6C
$GNGGA,061413.100,2520.056138,N,05128.164601,E,1,04,1.99,35.556,M,-24.283,M,,*63
$GNRMC,061413.100,A,2520.056138,N,05128.164601,E,0.117,000.00,210726,,,A,V*3B
$GNGLL,2520.056138,N,05128.164601,E,061413.100,A,A*41
$GNVTG,000.00,T,,M,0.117,N,0.216,K,A*21
$GNGGA,061413.200,2520.056140,N,05128.164599,E,1,04,1.99,35.555,M,-24.283,M,,*6E
$GNRMC,061413.200,A,2520.056140,N,05128.164599,E,0.117,000.00,210726,,,A,V*35
$GNGLL,2520.056140,N,05128.164599,E,061413.200,A,A*4F
$GNVTG,000.00,T,,M,0.117,N,0.216,K,A*21
$GNGGA,061413.300,2520.056142,N,05128.164596,E,1,04,1.99,35.555,M,-24.283,M,,*62
$GNRMC,061413.300,A,2520.056142,N,05128.164596,E,0.117,000.00,210726,,,A,V*39
$GNGLL,2520.056142,N,05128.164596,E,061413.300,A,A*43
$GNVTG,000.00,T,,M,0.117,N,0.216,K,A*21
$GNGGA,061413.400,2520.056144,N,05128.164594,E,1,04,1.99,35.554,M,-24.283,M,,*60
$GNRMC,061413.400,A,2520.056144,N,05128.164594,E,0.117,000.00,210726,,,A,V*3A
$GNGLL,2520.056144,N,05128.164594,E,061413.400,A,A*40
$GNVTG,000.00,T,,M,0.117,N,0.216,K,A*21
$GNGGA,061413.500,2520.056146,N,05128.164591,E,1,04,1.99,35.554,M,-24.283,M,,*66
$GNRMC,061413.500,A,2520.056146,N,05128.164591,E,0.117,000.00,210726,,,A,V*3C
$GNGLL,2520.056146,N,05128.164591,E,061413.500,A,A*46
$GNVTG,000.00,T,,M,0.117,N,0.216,K,A*21
$GNGGA,061413.600,2520.056148,N,05128.164589,E,1,04,1.99,35.554,M,-24.283,M,,*62
$GNRMC,061413.600,A,2520.056148,N,05128.164589,E,0.117,000.00,210726,,,A,V*38
$GNGLL,2520.056148,N,05128.164589,E,061413.600,A,A*42
$GNVTG,000.00,T,,M,0.117,N,0.216,K,A*21
$GNGGA,061413.700,2520.056149,N,05128.164587,E,1,04,1.99,35.553,M,-24.283,M,,*6B
$GNRMC,061413.700,A,2520.056149,N,05128.164587,E,0.117,000.00,210726,,,A,V*36
$GNGLL,2520.056149,N,05128.164587,E,061413.700,A,A*4C
$GNVTG,000.00,T,,M,0.117,N,0.216,K,A*21
$GNGGA,061413.800,2520.056151,N,05128.164584,E,1,04,1.99,35.553,M,-24.283,M,,*6E
$GNRMC,061413.800,A,2520.056151,N,05128.164584,E,0.117,000.00,210726,,,A,V*33
$GNGLL,2520.056151,N,05128.164584,E,061413.800,A,A*49
$GNVTG,000.00,T,,M,0.117,N,0.216,K,A*21
$GNGGA,061413.900,2520.056153,N,05128.164582,E,1,04,1.99,35.552,M,-24.283,M,,*6A
$GNRMC,061413.900,A,2520.056153,N,05128.164582,E,0.117,000.00,210726,,,A,V*36
$GNGLL,2520.056153,N,05128.164582,E,061413.900,A,A*4C
$GNVTG,000.00,T,,M,0.117,N,0.216,K,A*21
$GNGGA,061414.000,2520.056155,N,05128.164579,E,1,04,1.99,35.552,M,-24.283,M,,*66
$GNRMC,061414.000,A,2520.056155,N,05128.164579,E,0.117,000.00,210726,,,A,V*3A
$GNGLL,2520.056155,N,05128.164579,E,061414.000,A,A*40
$GNVTG,000.00,T,,M,0.117,N,0.216,K,A*21
$GNGSA,A,3,18,23,29,32,,,,,,,,,2.21,1.99,0.96,1*0C
$GNGSA,A,3,,,,,,,,,,,,,2.21,1.99,0.96,2*0D
$GNGSA,A,3,,,,,,,,,,,,,2.21,1.99,0.96,3*0C
$GNGSA,A,3,,,,,,,,,,,,,2.21,1.99,0.96,4*0B
$GNGSA,A,3,,,,,,,,,,,,,2.21,1.99,0.96,5*0A
$GPGSV,2,1,08,03,,,22,10,,,26,18,36,080,37,23,43,025,31,1*6A
$GPGSV,2,2,08,24,,,21,29,08,148,37,32,49,181,48,36,52,220,28,1*53
$GPGSV,1,1,00,8*6D
$GLGSV,1,1,03,68,30,206,36,81,54,068,33,88,15,118,42,1*4B
$GAGSV,1,1,01,08,44,166,41,7*4E
$GAGSV,1,1,00,1*75
$GBGSV,1,1,02,07,06,104,29,34,27,125,40,1*7B
$GBGSV,1,1,00,5*72
$GQGSV,1,1,00,1*65
$GQGSV,1,1,00,8*6C
$GNGGA,061414.100,2520.056123,N,05128.164602,E,1,04,1.99,35.472,M,-24.283,M,,*6A
$GNRMC,061414.100,A,2520.056123,N,05128.164602,E,0.105,000.00,210726,,,A,V*36
$GNGLL,2520.056123,N,05128.164602,E,061414.100,A,A*4F
$GNVTG,000.00,T,,M,0.105,N,0.194,K,A*2B
$GNGGA,061414.200,2520.056124,N,05128.164599,E,1,04,1.99,35.472,M,-24.283,M,,*6F
$GNRMC,061414.200,A,2520.056124,N,05128.164599,E,0.105,000.00,210726,,,A,V*33
$GNGLL,2520.056124,N,05128.164599,E,061414.200,A,A*4A
$GNVTG,000.00,T,,M,0.105,N,0.194,K,A*2B
$GNGGA,061414.300,2520.056125,N,05128.164597,E,1,04,1.99,35.472,M,-24.283,M,,*61
$GNRMC,061414.300,A,2520.056125,N,05128.164597,E,0.105,000.00,210726,,,A,V*3D
$GNGLL,2520.056125,N,05128.164597,E,061414.300,A,A*44
$GNVTG,000.00,T,,M,0.105,N,0.194,K,A*2B
$GNGGA,061414.400,2520.056127,N,05128.164595,E,1,04,1.99,35.472,M,-24.283,M,,*66
$GNRMC,061414.400,A,2520.056127,N,05128.164595,E,0.105,000.00,210726,,,A,V*3A
$GNGLL,2520.056127,N,05128.164595,E,061414.400,A,A*43
$GNVTG,000.00,T,,M,0.105,N,0.194,K,A*2B
$GNGGA,061414.500,2520.056128,N,05128.164593,E,1,04,1.99,35.472,M,-24.283,M,,*6E
$GNRMC,061414.500,A,2520.056128,N,05128.164593,E,0.105,000.00,210726,,,A,V*32
$GNGLL,2520.056128,N,05128.164593,E,061414.500,A,A*4B
$GNVTG,000.00,T,,M,0.105,N,0.194,K,A*2B
$GNGGA,061414.600,2520.056129,N,05128.164591,E,1,04,1.99,35.472,M,-24.283,M,,*6E
$GNRMC,061414.600,A,2520.056129,N,05128.164591,E,0.105,000.00,210726,,,A,V*32
$GNGLL,2520.056129,N,05128.164591,E,061414.600,A,A*4B
$GNVTG,000.00,T,,M,0.105,N,0.194,K,A*2B
$GNGGA,061414.700,2520.056130,N,05128.164589,E,1,04,1.99,35.472,M,-24.283,M,,*6E
$GNRMC,061414.700,A,2520.056130,N,05128.164589,E,0.105,000.00,210726,,,A,V*32
$GNGLL,2520.056130,N,05128.164589,E,061414.700,A,A*4B
$GNVTG,000.00,T,,M,0.105,N,0.194,K,A*2B
$GNGGA,061414.800,2520.056131,N,05128.164587,E,1,04,1.99,35.471,M,-24.283,M,,*6D
$GNRMC,061414.800,A,2520.056131,N,05128.164587,E,0.105,000.00,210726,,,A,V*32
$GNGLL,2520.056131,N,05128.164587,E,061414.800,A,A*4B
$GNVTG,000.00,T,,M,0.105,N,0.194,K,A*2B
$GNGGA,061414.900,2520.056133,N,05128.164585,E,1,04,1.99,35.471,M,-24.283,M,,*6C
$GNRMC,061414.900,A,2520.056133,N,05128.164585,E,0.105,000.00,210726,,,A,V*33
$GNGLL,2520.056133,N,05128.164585,E,061414.900,A,A*4A
$GNVTG,000.00,T,,M,0.105,N,0.194,K,A*2B
$GNGGA,061415.000,2520.056134,N,05128.164583,E,1,04,1.99,35.471,M,-24.283,M,,*65
$GNRMC,061415.000,A,2520.056134,N,05128.164583,E,0.105,000.00,210726,,,A,V*3A
$GNGLL,2520.056134,N,05128.164583,E,061415.000,A,A*43
$GNVTG,000.00,T,,M,0.105,N,0.194,K,A*2B
$GNGSA,A,3,18,23,29,32,,,,,,,,,2.21,1.99,0.96,1*0C
$GNGSA,A,3,,,,,,,,,,,,,2.21,1.99,0.96,2*0D
$GNGSA,A,3,,,,,,,,,,,,,2.21,1.99,0.96,3*0C
$GNGSA,A,3,,,,,,,,,,,,,2.21,1.99,0.96,4*0B
$GNGSA,A,3,,,,,,,,,,,,,2.21,1.99,0.96,5*0A
$GPGSV,2,1,08,03,,,20,10,,,26,18,36,080,37,23,43,025,31,1*68
$GPGSV,2,2,08,24,,,21,29,08,148,37,32,49,181,48,36,52,220,28,1*53
$GPGSV,1,1,00,8*6D
$GLGSV,1,1,03,68,30,206,36,81,54,068,33,88,15,118,42,1*4B
$GAGSV,1,1,01,08,44,166,41,7*4E
$GAGSV,1,1,00,1*75
$GBGSV,1,1,02,07,06,104,28,34,27,125,40,1*7A
$GBGSV,1,1,00,5*72
$GQGSV,1,1,00,1*65
$GQGSV,1,1,00,8*6C
$GNGGA,061415.100,2520.056125,N,05128.164590,E,1,04,1.99,35.393,M,-24.283,M,,*6D
$GNRMC,061415.100,A,2520.056125,N,05128.164590,E,0.087,000.00,210726,,,A,V*32
$GNGLL,2520.056125,N,05128.164590,E,061415.100,A,A*40
$GNVTG,000.00,T,,M,0.087,N,0.162,K,A*29
$GNGGA,061415.200,2520.056126,N,05128.164589,E,1,04,1.99,35.393,M,-24.283,M,,*65
$GNRMC,061415.200,A,2520.056126,N,05128.164589,E,0.087,000.00,210726,,,A,V*3A
$GNGLL,2520.056126,N,05128.164589,E,061415.200,A,A*48
$GNVTG,000.00,T,,M,0.087,N,0.162,K,A*29
$GNGGA,061415.300,2520.056128,N,05128.164588,E,1,04,1.99,35.393,M,-24.283,M,,*6B
$GNRMC,061415.300,A,2520.056128,N,05128.164588,E,0.087,000.00,210726,,,A,V*34
$GNGLL,2520.056128,N,05128.164588,E,061415.300,A,A*46
$GNVTG,000.00,T,,M,0.087,N,0.162,K,A*29
$GNGGA,061415.400,2520.056129,N,05128.164587,E,1,04,1.99,35.393,M,-24.283,M,,*62
$GNRMC,061415.400,A,2520.056129,N,05128.164587,E,0.087,000.00,210726,,,A,V*3D
$GNGLL,2520.056129,N,05128.164587,E,061415.400,A,A*4F
$GNVTG,000.00,T,,M,0.087,N,0.162,K,A*29
$GNGGA,061415.500,2520.056130,N,05128.164586,E,1,04,1.99,35.393,M,-24.283,M,,*6A
$GNRMC,061415.500,A,2520.056130,N,05128.164586,E,0.087,000.00,210726,,,A,V*35
$GNGLL,2520.056130,N,05128.164586,E,061415.500,A,A*47
$GNVTG,000.00,T,,M,0.087,N,0.162,K,A*29
$GNGGA,061415.600,2520.056131,N,05128.164584,E,1,04,1.99,35.393,M,-24.283,M,,*6A
$GNRMC,061415.600,A,2520.056131,N,05128.164584,E,0.087,000.00,210726,,,A,V*35
$GNGLL,2520.056131,N,05128.164584,E,061415.600,A,A*47
$GNVTG,000.00,T,,M,0.087,N,0.162,K,A*29
$GNGGA,061415.700,2520.056132,N,05128.164583,E,1,04,1.99,35.393,M,-24.283,M,,*6F
$GNRMC,061415.700,A,2520.056132,N,05128.164583,E,0.087,000.00,210726,,,A,V*30
$GNGLL,2520.056132,N,05128.164583,E,061415.700,A,A*42
$GNVTG,000.00,T,,M,0.087,N,0.162,K,A*29
$GNGGA,061415.800,2520.056134,N,05128.164582,E,1,04,1.99,35.393,M,-24.283,M,,*67
$GNRMC,061415.800,A,2520.056134,N,05128.164582,E,0.087,000.00,210726,,,A,V*38
$GNGLL,2520.056134,N,05128.164582,E,061415.800,A,A*4A
$GNVTG,000.00,T,,M,0.087,N,0.162,K,A*29
$GNGGA,061415.900,2520.056135,N,05128.164581,E,1,04,1.99,35.393,M,-24.283,M,,*64
$GNRMC,061415.900,A,2520.056135,N,05128.164581,E,0.087,000.00,210726,,,A,V*3B
$GNGLL,2520.056135,N,05128.164581,E,061415.900,A,A*49
$GNVTG,000.00,T,,M,0.087,N,0.162,K,A*29
$GNGGA,061416.000,2520.056136,N,05128.164579,E,1,04,1.99,35.393,M,-24.283,M,,*6A
$GNRMC,061416.000,A,2520.056136,N,05128.164579,E,0.087,000.00,210726,,,A,V*35
$GNGLL,2520.056136,N,05128.164579,E,061416.000,A,A*47
$GNVTG,000.00,T,,M,0.087,N,0.162,K,A*29
$GNGSA,A,3,18,23,29,32,,,,,,,,,2.21,1.99,0.96,1*0C
$GNGSA,A,3,,,,,,,,,,,,,2.21,1.99,0.96,2*0D
$GNGSA,A,3,,,,,,,,,,,,,2.21,1.99,0.96,3*0C
$GNGSA,A,3,,,,,,,,,,,,,2.21,1.99,0.96,4*0B
$GNGSA,A,3,,,,,,,,,,,,,2.21,1.99,0.96,5*0A
$GPGSV,2,1,07,03,,,19,10,,,26,18,36,080,37,23,43,025,31,1*6D
$GPGSV,2,2,07,29,08,148,37,32,49,181,48,36,52,220,28,1*59
$GPGSV,1,1,00,8*6D
$GLGSV,1,1,03,68,30,206,36,81,54,068,33,88,15,118,42,1*4B
$GAGSV,1,1,01,08,44,166,41,7*4E
$GAGSV,1,1,00,1*75
$GBGSV,1,1,03,07,06,104,28,28,32,322,17,34,27,125,40,1*45
$GBGSV,1,1,00,5*72
$GQGSV,1,1,00,1*65
$GQGSV,1,1,00,8*6C
$GNGGA,061416.100,2520.056110,N,05128.164599,E,1,04,1.99,35.312,M,-24.283,M,,*68
$GNRMC,061416.100,A,2520.056110,N,05128.164599,E,0.070,000.00,210726,,,A,V*36
$GNGLL,2520.056110,N,05128.164599,E,061416.100,A,A*4C
$GNVTG,000.00,T,,M,0.070,N,0.130,K,A*26
$GNGGA,061416.200,2520.056110,N,05128.164598,E,1,04,1.99,35.312,M,-24.283,M,,*6A
$GNRMC,061416.200,A,2520.056110,N,05128.164598,E,0.070,000.00,210726,,,A,V*34
$GNGLL,2520.056110,N,05128.164598,E,061416.200,A,A*4E
$GNVTG,000.00,T,,M,0.070,N,0.130,K,A*26
$GNGGA,061416.300,2520.056111,N,05128.164598,E,1,04,1.99,35.312,M,-24.283,M,,*6A
$GNRMC,061416.300,A,2520.056111,N,05128.164598,E,0.070,000.00,210726,,,A,V*34
$GNGLL,2520.056111,N,05128.164598,E,061416.300,A,A*4E
$GNVTG,000.00,T,,M,0.070,N,0.130,K,A*26
$GNGGA,061416.400,2520.056111,N,05128.164597,E,1,04,1.99,35.312,M,-24.283,M,,*62
$GNRMC,061416.400,A,2520.056111,N,05128.164597,E,0.070,000.00,210726,,,A,V*3C
$GNGLL,2520.056111,N,05128.164597,E,061416.400,A,A*46
$GNVTG,000.00,T,,M,0.070,N,0.130,K,A*26
$GNGGA,061416.500,2520.056112,N,05128.164596,E,1,04,1.99,35.313,M,-24.283,M,,*60
$GNRMC,061416.500,A,2520.056112,N,05128.164596,E,0.070,000.00,210726,,,A,V*3F
$GNGLL,2520.056112,N,05128.164596,E,061416.500,A,A*45
$GNVTG,000.00,T,,M,0.070,N,0.130,K,A*26
$GNGGA,061416.600,2520.056112,N,05128.164595,E,1,04,1.99,35.313,M,-24.283,M,,*60
$GNRMC,061416.600,A,2520.056112,N,05128.164595,E,0.070,000.00,210726,,,A,V*3F
$GNGLL,2520.056112,N,05128.164595,E,061416.600,A,A*45
$GNVTG,000.00,T,,M,0.070,N,0.130,K,A*26
$GNGGA,061416.700,2520.056113,N,05128.164594,E,1,04,1.99,35.313,M,-24.283,M,,*61
$GNRMC,061416.700,A,2520.056113,N,05128.164594,E,0.070,000.00,210726,,,A,V*3E
$GNGLL,2520.056113,N,05128.164594,E,061416.700,A,A*44
$GNVTG,000.00,T,,M,0.070,N,0.130,K,A*26
$GNGGA,061416.800,2520.056113,N,05128.164593,E,1,04,1.99,35.314,M,-24.283,M,,*6E
$GNRMC,061416.800,A,2520.056113,N,05128.164593,E,0.070,000.00,210726,,,A,V*36
$GNGLL,2520.056113,N,05128.164593,E,061416.800,A,A*4C
$GNVTG,000.00,T,,M,0.070,N,0.130,K,A*26
$GNGGA,061416.900,2520.056114,N,05128.164592,E,1,04,1.99,35.314,M,-24.283,M,,*69
$GNRMC,061416.900,A,2520.056114,N,05128.164592,E,0.070,000.00,210726,,,A,V*31
$GNGLL,2520.056114,N,05128.164592,E,061416.900,A,A*4B
$GNVTG,000.00,T,,M,0.070,N,0.130,K,A*26
$GNGGA,061417.000,2520.056114,N,05128.164592,E,1,04,1.99,35.314,M,-24.283,M,,*61
$GNRMC,061417.000,A,2520.056114,N,05128.164592,E,0.070,000.00,210726,,,A,V*39
$GNGLL,2520.056114,N,05128.164592,E,061417.000,A,A*43
$GNVTG,000.00,T,,M,0.070,N,0.130,K,A*26
$GNGSA,A,3,18,23,29,32,,,,,,,,,2.21,1.99,0.96,1*0C
$GNGSA,A,3,,,,,,,,,,,,,2.21,1.99,0.96,2*0D
$GNGSA,A,3,,,,,,,,,,,,,2.21,1.99,0.96,3*0C
$GNGSA,A,3,,,,,,,,,,,,,2.21,1.99,0.96,4*0B
$GNGSA,A,3,,,,,,,,,,,,,2.21,1.99,0.96,5*0A
$GPGSV,2,1,08,03,,,20,10,,,26,18,36,080,37,23,43,025,31,1*68
$GPGSV,2,2,08,24,,,21,29,08,148,37,32,49,181,48,36,52,220,28,1*53
$GPGSV,1,1,00,8*6D
$GLGSV,1,1,03,68,30,206,36,81,54,068,33,88,15,118,42,1*4B
$GAGSV,1,1,01,08,44,166,41,7*4E
$GAGSV,1,1,00,1*75
$GBGSV,1,1,03,07,06,104,28,28,32,322,15,34,27,125,40,1*47
$GBGSV,1,1,00,5*72
$GQGSV,1,1,00,1*65
$GQGSV,1,1,00,8*6C
$GNGGA,061417.100,2520.056086,N,05128.164624,E,1,04,1.99,35.241,M,-24.283,M,,*65
$GNRMC,061417.100,A,2520.056086,N,05128.164624,E,0.049,000.00,210726,,,A,V*36
$GNGLL,2520.056086,N,05128.164624,E,061417.100,A,A*46
$GNVTG,000.00,T,,M,0.049,N,0.090,K,A*27
$GNGGA,061417.200,2520.056086,N,05128.164624,E,1,04,1.99,35.241,M,-24.283,M,,*66
$GNRMC,061417.200,A,2520.056086,N,05128.164624,E,0.049,000.00,210726,,,A,V*35
$GNGLL,2520.056086,N,05128.164624,E,061417.200,A,A*45
$GNVTG,000.00,T,,M,0.049,N,0.090,K,A*27
$GNGGA,061417.300,2520.056087,N,05128.164624,E,1,04,1.99,35.242,M,-24.283,M,,*65
$GNRMC,061417.300,A,2520.056087,N,05128.164624,E,0.049,000.00,210726,,,A,V*35
$GNGLL,2520.056087,N,05128.164624,E,061417.300,A,A*45
$GNVTG,000.00,T,,M,0.049,N,0.090,K,A*27
$GNGGA,061417.400,2520.056087,N,05128.164624,E,1,04,1.99,35.242,M,-24.283,M,,*62
$GNRMC,061417.400,A,2520.056087,N,05128.164624,E,0.049,000.00,210726,,,A,V*32
$GNGLL,2520.056087,N,05128.164624,E,061417.400,A,A*42
$GNVTG,000.00,T,,M,0.049,N,0.090,K,A*27
$GNGGA,061417.500,2520.056088,N,05128.164624,E,1,04,1.99,35.243,M,-24.283,M,,*6D
$GNRMC,061417.500,A,2520.056088,N,05128.164624,E,0.049,000.00,210726,,,A,V*3C
$GNGLL,2520.056088,N,05128.164624,E,061417.500,A,A*4C
$GNVTG,000.00,T,,M,0.049,N,0.090,K,A*27
$GNGGA,061417.600,2520.056088,N,05128.164624,E,1,04,1.99,35.243,M,-24.283,M,,*6E
$GNRMC,061417.600,A,2520.056088,N,05128.164624,E,0.049,000.00,210726,,,A,V*3F
$GNGLL,2520.056088,N,05128.164624,E,061417.600,A,A*4F
$GNVTG,000.00,T,,M,0.049,N,0.090,K,A*27
$GNGGA,061417.700,2520.056089,N,05128.164624,E,1,04,1.99,35.243,M,-24.283,M,,*6E
$GNRMC,061417.700,A,2520.056089,N,05128.164624,E,0.049,000.00,210726,,,A,V*3F
$GNGLL,2520.056089,N,05128.164624,E,061417.700,A,A*4F
$GNVTG,000.00,T,,M,0.049,N,0.090,K,A*27
$GNGGA,061417.800,2520.056089,N,05128.164624,E,1,04,1.99,35.244,M,-24.283,M,,*66
$GNRMC,061417.800,A,2520.056089,N,05128.164624,E,0.049,000.00,210726,,,A,V*30
$GNGLL,2520.056089,N,05128.164624,E,061417.800,A,A*40
$GNVTG,000.00,T,,M,0.049,N,0.090,K,A*27
$GNGGA,061417.900,2520.056090,N,05128.164624,E,1,04,1.99,35.244,M,-24.283,M,,*6F
$GNRMC,061417.900,A,2520.056090,N,05128.164624,E,0.049,000.00,210726,,,A,V*39
$GNGLL,2520.056090,N,05128.164624,E,061417.900,A,A*49
$GNVTG,000.00,T,,M,0.049,N,0.090,K,A*27
$GNGGA,061418.000,2520.056090,N,05128.164624,E,1,04,1.99,35.245,M,-24.283,M,,*68
$GNRMC,061418.000,A,2520.056090,N,05128.164624,E,0.049,000.00,210726,,,A,V*3F
$GNGLL,2520.056090,N,05128.164624,E,061418.000,A,A*4F
$GNVTG,000.00,T,,M,0.049,N,0.090,K,A*27
$GNGSA,A,3,18,23,29,32,,,,,,,,,2.21,1.99,0.96,1*0C
$GNGSA,A,3,,,,,,,,,,,,,2.21,1.99,0.96,2*0D
$GNGSA,A,3,,,,,,,,,,,,,2.21,1.99,0.96,3*0C
$GNGSA,A,3,,,,,,,,,,,,,2.21,1.99,0.96,4*0B
$GNGSA,A,3,,,,,,,,,,,,,2.21,1.99,0.96,5*0A
$GPGSV,3,1,09,03,,,21,10,,,27,15,,,20,18,36,080,37,1*5D
$GPGSV,3,2,09,23,43,025,31,24,,,19,29,08,148,37,32,49,181,48,1*53
$GPGSV,3,3,09,36,52,220,28,1*55
$GPGSV,1,1,00,8*6D
$GLGSV,1,1,03,68,30,206,36,81,54,068,33,88,15,118,42,1*4B
$GAGSV,1,1,01,08,44,166,41,7*4E
$GAGSV,1,1,00,1*75
$GBGSV,1,1,03,07,06,104,28,28,32,322,14,34,27,125,40,1*46
$GBGSV,1,1,00,5*72
$GQGSV,1,1,00,1*65
$GQGSV,1,1,00,8*6C
$GNGGA,061418.100,2520.056046,N,05128.164657,E,1,04,1.99,35.158,M,-24.283,M,,*69
$GNRMC,061418.100,A,2520.056046,N,05128.164657,E,0.029,000.00,210726,,,A,V*37
$GNGLL,2520.056046,N,05128.164657,E,061418.100,A,A*41
$GNVTG,000.00,T,,M,0.029,N,0.054,K,A*29
$GNGGA,061418.200,2520.056046,N,05128.164657,E,1,04,1.99,35.158,M,-24.283,M,,*6A
$GNRMC,061418.200,A,2520.056046,N,05128.164657,E,0.029,000.00,210726,,,A,V*34
$GNGLL,2520.056046,N,05128.164657,E,061418.200,A,A*42
$GNVTG,000.00,T,,M,0.029,N,0.054,K,A*29
$GNGGA,061418.300,2520.056046,N,05128.164657,E,1,04,1.99,35.158,M,-24.283,M,,*6B
$GNRMC,061418.300,A,2520.056046,N,05128.164657,E,0.029,000.00,210726,,,A,V*35
$GNGLL,2520.056046,N,05128.164657,E,061418.300,A,A*43
$GNVTG,000.00,T,,M,0.029,N,0.054,K,A*29
$GNGGA,061418.400,2520.056046,N,05128.164657,E,1,04,1.99,35.158,M,-24.283,M,,*6C
$GNRMC,061418.400,A,2520.056046,N,05128.164657,E,0.029,000.00,210726,,,A,V*32
$GNGLL,2520.056046,N,05128.164657,E,061418.400,A,A*44
$GNVTG,000.00,T,,M,0.029,N,0.054,K,A*29
$GNGGA,061418.500,2520.056046,N,05128.164657,E,1,04,1.99,35.158,M,-24.283,M,,*6D
$GNRMC,061418.500,A,2520.056046,N,05128.164657,E,0.029,000.00,210726,,,A,V*33
$GNGLL,2520.056046,N,05128.164657,E,061418.500,A,A*45
$GNVTG,000.00,T,,M,0.029,N,0.054,K,A*29
$GNGGA,061418.600,2520.056046,N,05128.164657,E,1,04,1.99,35.158,M,-24.283,M,,*6E
$GNRMC,061418.600,A,2520.056046,N,05128.164657,E,0.029,000.00,210726,,,A,V*30
$GNGLL,2520.056046,N,05128.164657,E,061418.600,A,A*46
$GNVTG,000.00,T,,M,0.029,N,0.054,K,A*29
$GNGGA,061418.700,2520.056046,N,05128.164657,E,1,04,1.99,35.158,M,-24.283,M,,*6F
$GNRMC,061418.700,A,2520.056046,N,05128.164657,E,0.029,000.00,210726,,,A,V*31
$GNGLL,2520.056046,N,05128.164657,E,061418.700,A,A*47
$GNVTG,000.00,T,,M,0.029,N,0.054,K,A*29
$GNGGA,061418.800,2520.056046,N,05128.164657,E,1,04,1.99,35.158,M,-24.283,M,,*60
$GNRMC,061418.800,A,2520.056046,N,05128.164657,E,0.029,000.00,210726,,,A,V*3E
$GNGLL,2520.056046,N,05128.164657,E,061418.800,A,A*48
$GNVTG,000.00,T,,M,0.029,N,0.054,K,A*29
$GNGGA,061418.900,2520.056046,N,05128.164657,E,1,04,1.99,35.158,M,-24.283,M,,*61
$GNRMC,061418.900,A,2520.056046,N,05128.164657,E,0.029,000.00,210726,,,A,V*3F
$GNGLL,2520.056046,N,05128.164657,E,061418.900,A,A*49
$GNVTG,000.00,T,,M,0.029,N,0.054,K,A*29
$GNGGA,061419.000,2520.056046,N,05128.164657,E,1,04,1.99,35.158,M,-24.283,M,,*69
$GNRMC,061419.000,A,2520.056046,N,05128.164657,E,0.029,000.00,210726,,,A,V*37
$GNGLL,2520.056046,N,05128.164657,E,061419.000,A,A*41
$GNVTG,000.00,T,,M,0.029,N,0.054,K,A*29
$GNGSA,A,3,18,23,29,32,,,,,,,,,2.21,1.99,0.96,1*0C
$GNGSA,A,3,,,,,,,,,,,,,2.21,1.99,0.96,2*0D
$GNGSA,A,3,,,,,,,,,,,,,2.21,1.99,0.96,3*0C
$GNGSA,A,3,,,,,,,,,,,,,2.21,1.99,0.96,4*0B
$GNGSA,A,3,,,,,,,,,,,,,2.21,1.99,0.96,5*0A
$GPGSV,3,1,09,03,,,20,10,,,27,15,,,20,18,36,080,37,1*5C
$GPGSV,3,2,09,23,43,025,31,24,,,20,29,08,148,37,32,49,181,48,1*59
$GPGSV,3,3,09,36,52,220,28,1*55
$GPGSV,1,1,00,8*6D
$GLGSV,1,1,03,68,30,206,35,81,54,068,33,88,15,118,42,1*48
$GAGSV,1,1,01,08,44,166,41,7*4E
$GAGSV,1,1,00,1*75
$GBGSV,1,1,03,07,06,104,28,28,32,322,14,34,27,125,40,1*46
$GBGSV,1,1,00,5*72
$GQGSV,1,1,00,1*65
$GQGSV,1,1,00,8*6C
$GNGGA,061419.100,2520.056011,N,05128.164685,E,1,04,1.99,35.086,M,-24.283,M,,*67
$GNRMC,061419.100,A,2520.056011,N,05128.164685,E,0.016,000.00,210726,,,A,V*37
$GNGLL,2520.056011,N,05128.164685,E,061419.100,A,A*4D
$GNVTG,000.00,T,,M,0.016,N,0.029,K,A*2F
$GNGGA,061419.200,2520.056011,N,05128.164685,E,1,04,1.99,35.086,M,-24.283,M,,*64
$GNRMC,061419.200,A,2520.056011,N,05128.164685,E,0.016,000.00,210726,,,A,V*34
$GNGLL,2520.056011,N,05128.164685,E,061419.200,A,A*4E
$GNVTG,000.00,T,,M,0.016,N,0.029,K,A*2F
$GNGGA,061419.300,2520.056011,N,05128.164685,E,1,04,1.99,35.086,M,-24.283,M,,*65
$GNRMC,061419.300,A,2520.056011,N,05128.164685,E,0.016,000.00,210726,,,A,V*35
$GNGLL,2520.056011,N,05128.164685,E,061419.300,A,A*4F
$GNVTG,000.00,T,,M,0.016,N,0.029,K,A*2F
$GNGGA,061419.400,2520.056011,N,05128.164685,E,1,04,1.99,35.086,M,-24.283,M,,*62
$GNRMC,061419.400,A,2520.056011,N,05128.164685,E,0.016,000.00,210726,,,A,V*32
$GNGLL,2520.056011,N,05128.164685,E,061419.400,A,A*48
$GNVTG,000.00,T,,M,0.016,N,0.029,K,A*2F
$GNGGA,061419.500,2520.056011,N,05128.164685,E,1,04,1.99,35.086,M,-24.283,M,,*63
$GNRMC,061419.500,A,2520.056011,N,05128.164685,E,0.016,000.00,210726,,,A,V*33
$GNGLL,2520.056011,N,05128.164685,E,061419.500,A,A*49
$GNVTG,000.00,T,,M,0.016,N,0.029,K,A*2F
$GNGGA,061419.600,2520.056011,N,05128.164685,E,1,04,1.99,35.086,M,-24.283,M,,*60
$GNRMC,061419.600,A,2520.056011,N,05128.164685,E,0.016,000.00,210726,,,A,V*30
$GNGLL,2520.056011,N,05128.164685,E,061419.600,A,A*4A
$GNVTG,000.00,T,,M,0.016,N,0.029,K,A*2F
$GNGGA,061419.700,2520.056011,N,05128.164685,E,1,04,1.99,35.086,M,-24.283,M,,*61
$GNRMC,061419.700,A,2520.056011,N,05128.164685,E,0.016,000.00,210726,,,A,V*31
$GNGLL,2520.056011,N,05128.164685,E,061419.700,A,A*4B
$GNVTG,000.00,T,,M,0.016,N,0.029,K,A*2F
$GNGGA,061419.800,2520.056011,N,05128.164685,E,1,04,1.99,35.086,M,-24.283,M,,*6E
$GNRMC,061419.800,A,2520.056011,N,05128.164685,E,0.016,000.00,210726,,,A,V*3E
$GNGLL,2520.056011,N,05128.164685,E,061419.800,A,A*44
$GNVTG,000.00,T,,M,0.016,N,0.029,K,A*2F
$GNGGA,061419.900,2520.056011,N,05128.164685,E,1,04,1.99,35.086,M,-24.283,M,,*6F
$GNRMC,061419.900,A,2520.056011,N,05128.164685,E,0.016,000.00,210726,,,A,V*3F
$GNGLL,2520.056011,N,05128.164685,E,061419.900,A,A*45
$GNVTG,000.00,T,,M,0.016,N,0.029,K,A*2F
$GNGGA,061420.000,2520.056011,N,05128.164685,E,1,04,1.99,35.086,M,-24.283,M,,*6C
$GNRMC,061420.000,A,2520.056011,N,05128.164685,E,0.016,000.00,210726,,,A,V*3C
$GNGLL,2520.056011,N,05128.164685,E,061420.000,A,A*46
$GNVTG,000.00,T,,M,0.016,N,0.029,K,A*2F
$GNGSA,A,3,18,23,29,32,,,,,,,,,2.21,1.99,0.96,1*0C
$GNGSA,A,3,,,,,,,,,,,,,2.21,1.99,0.96,2*0D
$GNGSA,A,3,,,,,,,,,,,,,2.21,1.99,0.96,3*0C
$GNGSA,A,3,,,,,,,,,,,,,2.21,1.99,0.96,4*0B
$GNGSA,A,3,,,,,,,,,,,,,2.21,1.99,0.96,5*0A
$GPGSV,3,1,09,03,,,20,10,,,27,15,,,22,18,36,080,37,1*5E
$GPGSV,3,2,09,23,43,025,31,24,,,22,29,08,148,37,32,49,181,48,1*5B
$GPGSV,3,3,09,36,52,220,28,1*55
$GPGSV,1,1,00,8*6D
$GLGSV,1,1,03,68,30,206,35,81,54,068,33,88,15,118,42,1*48
$GAGSV,1,1,01,08,44,166,41,7*4E
$GAGSV,1,1,00,1*75
$GBGSV,1,1,03,07,06,104,28,28,32,322,14,34,27,125,40,1*46
$GBGSV,1,1,00,5*72
$GQGSV,1,1,00,1*65
$GQGSV,1,1,00,8*6C
$GNGGA,061420.100,2520.055949,N,05128.164741,E,1,04,1.99,35.021,M,-24.283,M,,*6E
$GNRMC,061420.100,A,2520.055949,N,05128.164741,E,0.008,000.00,210726,,,A,V*3C
$GNGLL,2520.055949,N,05128.164741,E,061420.100,A,A*49
$GNVTG,000.00,T,,M,0.008,N,0.014,K,A*2E
$GNGGA,061420.200,2520.055949,N,05128.164741,E,1,04,1.99,35.021,M,-24.283,M,,*6D
$GNRMC,061420.200,A,2520.055949,N,05128.164741,E,0.008,000.00,210726,,,A,V*3F
$GNGLL,2520.055949,N,05128.164741,E,061420.200,A,A*4A
$GNVTG,000.00,T,,M,0.008,N,0.014,K,A*2E
$GNGGA,061420.300,2520.055948,N,05128.164742,E,1,04,1.99,35.022,M,-24.283,M,,*6D
$GNRMC,061420.300,A,2520.055948,N,05128.164742,E,0.008,000.00,210726,,,A,V*3C
$GNGLL,2520.055948,N,05128.164742,E,061420.300,A,A*49
$GNVTG,000.00,T,,M,0.008,N,0.014,K,A*2E
$GNGGA,061420.400,2520.055947,N,05128.164742,E,1,04,1.99,35.022,M,-24.283,M,,*65
$GNRMC,061420.400,A,2520.055947,N,05128.164742,E,0.008,000.00,210726,,,A,V*34
$GNGLL,2520.055947,N,05128.164742,E,061420.400,A,A*41
$GNVTG,000.00,T,,M,0.008,N,0.014,K,A*2E
$GNGGA,061420.500,2520.055947,N,05128.164743,E,1,04,1.99,35.022,M,-24.283,M,,*65
$GNRMC,061420.500,A,2520.055947,N,05128.164743,E,0.008,000.00,210726,,,A,V*34
$GNGLL,2520.055947,N,05128.164743,E,061420.500,A,A*41
$GNVTG,000.00,T,,M,0.008,N,0.014,K,A*2E
$GNGGA,061420.600,2520.055946,N,05128.164743,E,1,04,1.99,35.022,M,-24.283,M,,*67
$GNRMC,061420.600,A,2520.055946,N,05128.164743,E,0.008,000.00,210726,,,A,V*36
$GNGLL,2520.055946,N,05128.164743,E,061420.600,A,A*43
$GNVTG,000.00,T,,M,0.008,N,0.014,K,A*2E
$GNGGA,061420.700,2520.055945,N,05128.164743,E,1,04,1.99,35.023,M,-24.283,M,,*64
$GNRMC,061420.700,A,2520.055945,N,05128.164743,E,0.008,000.00,210726,,,A,V*34
$GNGLL,2520.055945,N,05128.164743,E,061420.700,A,A*41
$GNVTG,000.00,T,,M,0.008,N,0.014,K,A*2E
$GNGGA,061420.800,2520.055944,N,05128.164744,E,1,04,1.99,35.023,M,-24.283,M,,*6D
$GNRMC,061420.800,A,2520.055944,N,05128.164744,E,0.008,000.00,210726,,,A,V*3D
$GNGLL,2520.055944,N,05128.164744,E,061420.800,A,A*48
$GNVTG,000.00,T,,M,0.008,N,0.014,K,A*2E
$GNGGA,061420.900,2520.055944,N,05128.164744,E,1,04,1.99,35.023,M,-24.283,M,,*6C
$GNRMC,061420.900,A,2520.055944,N,05128.164744,E,0.008,000.00,210726,,,A,V*3C
$GNGLL,2520.055944,N,05128.164744,E,061420.900,A,A*49
$GNVTG,000.00,T,,M,0.008,N,0.014,K,A*2E
$GNGGA,061421.000,2520.055943,N,05128.164744,E,1,04,1.99,35.023,M,-24.283,M,,*63
$GNRMC,061421.000,A,2520.055943,N,05128.164744,E,0.008,000.00,210726,,,A,V*33
$GNGLL,2520.055943,N,05128.164744,E,061421.000,A,A*46
$GNVTG,000.00,T,,M,0.008,N,0.014,K,A*2E
$GNGSA,A,3,18,23,29,32,,,,,,,,,2.21,1.99,0.96,1*0C
$GNGSA,A,3,,,,,,,,,,,,,2.21,1.99,0.96,2*0D
$GNGSA,A,3,,,,,,,,,,,,,2.21,1.99,0.96,3*0C
$GNGSA,A,3,,,,,,,,,,,,,2.21,1.99,0.96,4*0B
$GNGSA,A,3,,,,,,,,,,,,,2.21,1.99,0.96,5*0A
$GPGSV,3,1,09,03,,,20,08,16,318,15,10,,,27,18,36,080,37,1*6B
$GPGSV,3,2,09,23,43,025,31,24,,,23,29,08,148,37,32,49,181,48,1*5A
$GPGSV,3,3,09,36,52,220,28,1*55
$GPGSV,1,1,00,8*6D
$GLGSV,1,1,03,68,30,206,35,81,54,068,33,88,15,118,42,1*48
$GAGSV,1,1,01,08,44,166,41,7*4E
$GAGSV,1,1,00,1*75
$GBGSV,1,1,03,07,06,104,28,28,32,322,14,34,27,125,39,1*48
$GBGSV,1,1,00,5*72
$GQGSV,1,1,00,1*65
$GQGSV,1,1,00,8*6C
$GNGGA,061421.100,2520.055928,N,05128.164765,E,1,04,1.99,34.967,M,-24.283,M,,*64
$GNRMC,061421.100,A,2520.055928,N,05128.164765,E,0.008,000.00,210726,,,A,V*3C
$GNGLL,2520.055928,N,05128.164765,E,061421.100,A,A*49
$GNVTG,000.00,T,,M,0.008,N,0.014,K,A*2E
$GNGGA,061421.200,2520.055928,N,05128.164766,E,1,04,1.99,34.967,M,-24.283,M,,*64
$GNRMC,061421.200,A,2520.055928,N,05128.164766,E,0.008,000.00,210726,,,A,V*3C
$GNGLL,2520.055928,N,05128.164766,E,061421.200,A,A*49
$GNVTG,000.00,T,,M,0.008,N,0.014,K,A*2E
$GNGGA,061421.300,2520.055928,N,05128.164767,E,1,04,1.99,34.967,M,-24.283,M,,*64
$GNRMC,061421.300,A,2520.055928,N,05128.164767,E,0.008,000.00,210726,,,A,V*3C
$GNGLL,2520.055928,N,05128.164767,E,061421.300,A,A*49
$GNVTG,000.00,T,,M,0.008,N,0.014,K,A*2E
$GNGGA,061421.400,2520.055928,N,05128.164767,E,1,04,1.99,34.967,M,-24.283,M,,*63
$GNRMC,061421.400,A,2520.055928,N,05128.164767,E,0.008,000.00,210726,,,A,V*3B
$GNGLL,2520.055928,N,05128.164767,E,061421.400,A,A*4E
$GNVTG,000.00,T,,M,0.008,N,0.014,K,A*2E
$GNGGA,061421.500,2520.055928,N,05128.164768,E,1,04,1.99,34.968,M,-24.283,M,,*62
$GNRMC,061421.500,A,2520.055928,N,05128.164768,E,0.008,000.00,210726,,,A,V*35
$GNGLL,2520.055928,N,05128.164768,E,061421.500,A,A*40
$GNVTG,000.00,T,,M,0.008,N,0.014,K,A*2E
$GNGGA,061421.600,2520.055927,N,05128.164769,E,1,04,1.99,34.968,M,-24.283,M,,*6F
$GNRMC,061421.600,A,2520.055927,N,05128.164769,E,0.008,000.00,210726,,,A,V*38
$GNGLL,2520.055927,N,05128.164769,E,061421.600,A,A*4D
$GNVTG,000.00,T,,M,0.008,N,0.014,K,A*2E
$GNGGA,061421.700,2520.055927,N,05128.164770,E,1,04,1.99,34.968,M,-24.283,M,,*66
$GNRMC,061421.700,A,2520.055927,N,05128.164770,E,0.008,000.00,210726,,,A,V*31
$GNGLL,2520.055927,N,05128.164770,E,061421.700,A,A*44
$GNVTG,000.00,T,,M,0.008,N,0.014,K,A*2E
$GNGGA,061421.800,2520.055927,N,05128.164771,E,1,04,1.99,34.968,M,-24.283,M,,*68
$GNRMC,061421.800,A,2520.055927,N,05128.164771,E,0.008,000.00,210726,,,A,V*3F
$GNGLL,2520.055927,N,05128.164771,E,061421.800,A,A*4A
$GNVTG,000.00,T,,M,0.008,N,0.014,K,A*2E
$GNGGA,061421.900,2520.055927,N,05128.164772,E,1,04,1.99,34.968,M,-24.283,M,,*6A
$GNRMC,061421.900,A,2520.055927,N,05128.164772,E,0.008,000.00,210726,,,A,V*3D
$GNGLL,2520.055927,N,05128.164772,E,061421.900,A,A*48
$GNVTG,000.00,T,,M,0.008,N,0.014,K,A*2E
$GNGGA,061422.000,2520.055927,N,05128.164772,E,1,04,1.99,34.968,M,-24.283,M,,*60
$GNRMC,061422.000,A,2520.055927,N,05128.164772,E,0.008,000.00,210726,,,A,V*37
$GNGLL,2520.055927,N,05128.164772,E,061422.000,A,A*42
$GNVTG,000.00,T,,M,0.008,N,0.014,K,A*2E
$GNGSA,A,3,18,23,29,32,,,,,,,,,2.21,1.99,0.96,1*0C
$GNGSA,A,3,,,,,,,,,,,,,2.21,1.99,0.96,2*0D
$GNGSA,A,3,,,,,,,,,,,,,2.21,1.99,0.96,3*0C
$GNGSA,A,3,,,,,,,,,,,,,2.21,1.99,0.96,4*0B
$GNGSA,A,3,,,,,,,,,,,,,2.21,1.99,0.96,5*0A
$GPGSV,3,1,09,03,,,21,08,16,318,14,10,,,27,15,,,22,1*5F
$GPGSV,3,2,09,18,36,080,37,23,43,025,31,29,08,148,37,32,49,181,48,1*6D
$GPGSV,3,3,09,36,52,220,28,1*55
$GPGSV,1,1,00,8*6D
$GLGSV,1,1,03,68,30,206,35,81,54,068,33,88,15,118,42,1*48
$GAGSV,1,1,01,08,44,166,41,7*4E
$GAGSV,1,1,00,1*75
$GBGSV,1,1,03,07,06,104,28,28,32,322,14,34,27,125,39,1*48
$GBGSV,1,1,00,5*72
$GQGSV,1,1,00,1*65
$GQGSV,1,1,00,8*6C
