$GNTXT,01,01,01,PQTM inv format*3A
$GNRMC,061429.00,A,2520.05536,N,05128.16507,E,0.072,,210726,,,A,V*12
$GNVTG,,T,,M,0.072,N,0.133,K,A*39
$GNGGA,061429.00,2520.05536,N,05128.16507,E,1,09,1.35,48.4,M,-24.7,M,,*5B
$GNGSA,A,3,32,29,18,10,23,,,,,,,,2.57,1.35,2.18,1*0E
$GNGSA,A,3,88,68,81,,,,,,,,,,2.57,1.35,2.18,2*09
$GNGSA,A,3,08,,,,,,,,,,,,2.57,1.35,2.18,3*07
$GNGSA,A,3,,,,,,,,,,,,,2.57,1.35,2.18,4*08
$GNGSA,A,3,,,,,,,,,,,,,2.57,1.35,2.18,5*09
$GPGSV,3,1,09,10,61,331,28,18,36,080,37,23,43,025,30,28,00,177,39,1*61
$GPGSV,3,2,09,29,08,148,36,32,49,181,47,40,60,172,38,41,44,125,47,1*6D
$GPGSV,3,3,09,42,38,118,42,1*5E
$GPGSV,1,1,02,08,16,318,,50,04,096,,0*6C
$GLGSV,1,1,04,68,30,206,33,81,54,069,33,83,01,318,18,88,15,118,42,1*71
$GLGSV,1,1,02,80,01,264,,82,42,351,,0*79
$GAGSV,1,1,02,08,44,166,42,32,55,129,45,7*74
$GAGSV,1,1,01,27,30,242,,0*47
$GBGSV,1,1,00,0*77
$GQGSV,1,1,00,0*64
$GNGLL,2520.05536,N,05128.16507,E,061429.00,A,A*74
$GNRMC,061430.00,A,2520.05535,N,05128.16507,E,0.177,,210726,,,A,V*1D
$GNVTG,,T,,M,0.177,N,0.327,K,A*3A
$GNGGA,061430.00,2520.05535,N,05128.16507,E,1,09,1.35,48.4,M,-24.7,M,,*50
$GNGSA,A,3,32,29,18,10,23,,,,,,,,2.56,1.35,2.18,1*0F
$GNGSA,A,3,88,68,81,,,,,,,,,,2.56,1.35,2.18,2*08
$GNGSA,A,3,08,,,,,,,,,,,,2.56,1.35,2.18,3*06
$GNGSA,A,3,,,,,,,,,,,,,2.56,1.35,2.18,4*09
$GNGSA,A,3,,,,,,,,,,,,,2.56,1.35,2.18,5*08
$GPGSV,3,1,09,10,61,331,27,18,36,080,38,23,43,025,30,28,00,177,38,1*60
$GPGSV,3,2,09,29,08,148,36,32,49,181,47,40,60,172,38,41,44,125,47,1*6D
$GPGSV,3,3,09,42,38,118,42,1*5E
$GPGSV,1,1,02,08,16,318,,50,04,096,,0*6C
$GLGSV,1,1,04,68,30,206,33,81,54,069,33,83,01,318,17,88,15,118,42,1*7E
$GLGSV,1,1,02,80,01,264,,82,42,351,,0*79
$GAGSV,1,1,02,08,44,166,42,32,55,129,45,7*74
$GAGSV,1,1,01,27,30,242,,0*47
$GBGSV,1,1,00,0*77
$GQGSV,1,1,00,0*64
$GNGLL,2520.05535,N,05128.16507,E,061430.00,A,A*7F
$GNRMC,061431.00,A,2520.05533,N,05128.16507,E,0.090,,210726,,,A,V*12
$GNVTG,,T,,M,0.090,N,0.166,K,A*35
$GNGGA,061431.00,2520.05533,N,05128.16507,E,1,09,1.35,48.4,M,-24.7,M,,*57
$GNGSA,A,3,32,29,18,10,23,,,,,,,,2.56,1.35,2.18,1*0F
$GNGSA,A,3,88,68,81,,,,,,,,,,2.56,1.35,2.18,2*08
$GNGSA,A,3,08,,,,,,,,,,,,2.56,1.35,2.18,3*06
$GNGSA,A,3,,,,,,,,,,,,,2.56,1.35,2.18,4*09
$GNGSA,A,3,,,,,,,,,,,,,2.56,1.35,2.18,5*08
$GPGSV,3,1,09,10,61,331,28,18,36,080,38,23,43,025,30,28,00,177,37,1*60
$GPGSV,3,2,09,29,08,148,36,32,49,181,47,40,60,172,38,41,44,125,47,1*6D
$GPGSV,3,3,09,42,38,118,42,1*5E
$GPGSV,1,1,02,08,16,318,,50,04,096,,0*6C
$GLGSV,1,1,04,68,30,206,32,81,54,069,33,83,01,318,18,88,15,118,42,1*70
$GLGSV,1,1,02,80,01,264,,82,42,351,,0*79
$GAGSV,1,1,02,08,44,166,42,32,55,129,45,7*74
$GAGSV,1,1,01,27,30,242,,0*47
$GBGSV,1,1,00,0*77
$GQGSV,1,1,00,0*64
$GNGLL,2520.05533,N,05128.16507,E,061431.00,A,A*78
$GNRMC,061432.00,A,2520.05531,N,05128.16508,E,0.059,,210726,,,A,V*19
$GNVTG,,T,,M,0.059,N,0.109,K,A*39
$GNGGA,061432.00,2520.05531,N,05128.16508,E,1,09,1.35,48.4,M,-24.7,M,,*59
$GNGSA,A,3,32,29,18,10,23,,,,,,,,2.56,1.35,2.18,1*0F
$GNGSA,A,3,88,68,81,,,,,,,,,,2.56,1.35,2.18,2*08
$GNGSA,A,3,08,,,,,,,,,,,,2.56,1.35,2.18,3*06
$GNGSA,A,3,,,,,,,,,,,,,2.56,1.35,2.18,4*09
$GNGSA,A,3,,,,,,,,,,,,,2.56,1.35,2.18,5*08
$GPGSV,3,1,09,10,61,331,27,18,36,080,38,23,43,025,30,28,00,177,37,1*6F
$GPGSV,3,2,09,29,08,148,36,32,49,181,47,40,60,172,38,41,44,125,47,1*6D
$GPGSV,3,3,09,42,38,118,42,1*5E
$GPGSV,1,1,02,08,16,318,,50,04,096,,0*6C
$GLGSV,1,1,04,68,30,206,32,81,54,069,34,83,01,318,17,88,15,118,42,1*78
$GLGSV,1,1,02,80,01,264,,82,42,351,,0*79
$GAGSV,1,1,02,08,44,166,42,32,55,129,45,7*74
$GAGSV,1,1,01,27,30,242,,0*47
$GBGSV,1,1,00,0*77
$GQGSV,1,1,00,0*64
$GNGLL,2520.05531,N,05128.16508,E,061432.00,A,A*76
$GNRMC,061433.00,A,2520.05531,N,05128.16507,E,0.094,,210726,,,A,V*16
$GNVTG,,T,,M,0.094,N,0.175,K,A*33
$GNGGA,061433.00,2520.05531,N,05128.16507,E,1,09,1.35,48.5,M,-24.7,M,,*56
$GNGSA,A,3,32,29,18,10,23,,,,,,,,2.56,1.35,2.18,1*0F
$GNGSA,A,3,88,68,81,,,,,,,,,,2.56,1.35,2.18,2*08
$GNGSA,A,3,08,,,,,,,,,,,,2.56,1.35,2.18,3*06
$GNGSA,A,3,,,,,,,,,,,,,2.56,1.35,2.18,4*09
$GNGSA,A,3,,,,,,,,,,,,,2.56,1.35,2.18,5*08
$GPGSV,3,1,09,10,61,331,27,18,36,080,37,23,43,025,30,28,00,177,36,1*61
$GPGSV,3,2,09,29,08,148,36,32,49,181,47,40,60,172,39,41,44,125,47,1*6C
$GPGSV,3,3,09,42,38,118,42,1*5E
$GPGSV,1,1,02,08,16,318,,50,04,096,,0*6C
$GLGSV,1,1,04,68,30,206,31,81,54,069,34,83,01,318,16,88,15,118,42,1*7A
$GLGSV,1,1,02,80,01,264,,82,42,351,,0*79
$GAGSV,1,1,02,08,44,166,42,32,55,129,45,7*74
$GAGSV,1,1,01,27,30,242,,0*47
$GBGSV,1,1,00,0*77
$GQGSV,1,1,00,0*64
$GNGLL,2520.05531,N,05128.16507,E,061433.00,A,A*78
$GNRMC,061434.00,A,2520.05531,N,05128.16504,E,0.067,,210726,,,A,V*1E
$GNVTG,,T,,M,0.067,N,0.124,K,A*3B
$GNGGA,061434.00,2520.05531,N,05128.16504,E,1,09,1.35,48.4,M,-24.7,M,,*53
$GNGSA,A,3,32,29,18,10,23,,,,,,,,2.56,1.35,2.18,1*0F
$GNGSA,A,3,88,68,81,,,,,,,,,,2.56,1.35,2.18,2*08
$GNGSA,A,3,08,,,,,,,,,,,,2.56,1.35,2.18,3*06
$GNGSA,A,3,,,,,,,,,,,,,2.56,1.35,2.18,4*09
$GNGSA,A,3,,,,,,,,,,,,,2.56,1.35,2.18,5*08
$GPGSV,3,1,09,10,61,331,27,18,36,080,38,23,43,025,30,28,00,177,36,1*6E
$GPGSV,3,2,09,29,08,148,36,32,49,181,47,40,60,172,38,41,44,125,47,1*6D
$GPGSV,3,3,09,42,38,118,42,1*5E
$GPGSV,1,1,02,08,16,318,,50,04,096,,0*6C
$GLGSV,1,1,04,68,30,206,31,81,54,069,33,83,01,318,14,88,15,118,41,1*7C
$GLGSV,1,1,02,80,01,264,,82,42,351,,0*79
$GAGSV,1,1,02,08,44,166,42,32,55,129,45,7*74
$GAGSV,1,1,01,27,30,242,,0*47
$GBGSV,1,1,00,0*77
$GQGSV,1,1,00,0*64
$GNGLL,2520.05531,N,05128.16504,E,061434.00,A,A*7C
$GNRMC,061435.00,A,2520.05531,N,05128.16503,E,0.081,,210726,,,A,V*10
$GNVTG,,T,,M,0.081,N,0.150,K,A*30
$GNGGA,061435.00,2520.05531,N,05128.16503,E,1,09,1.35,48.4,M,-24.7,M,,*55
$GNGSA,A,3,32,29,18,10,23,,,,,,,,2.56,1.35,2.18,1*0F
$GNGSA,A,3,88,68,81,,,,,,,,,,2.56,1.35,2.18,2*08
$GNGSA,A,3,08,,,,,,,,,,,,2.56,1.35,2.18,3*06
$GNGSA,A,3,,,,,,,,,,,,,2.56,1.35,2.18,4*09
$GNGSA,A,3,,,,,,,,,,,,,2.56,1.35,2.18,5*08
$GPGSV,3,1,09,10,61,331,27,18,36,080,38,23,43,025,30,28,00,177,36,1*6E
$GPGSV,3,2,09,29,08,148,36,32,49,181,47,40,60,172,39,41,44,125,47,1*6C
$GPGSV,3,3,09,42,38,118,42,1*5E
$GPGSV,1,1,02,08,16,318,,50,04,096,,0*6C
$GLGSV,1,1,03,68,31,206,31,81,54,069,34,88,15,118,41,1*48
$GLGSV,1,1,03,80,01,264,,82,42,351,,83,01,318,,0*48
$GAGSV,1,1,02,08,44,166,42,32,55,129,45,7*74
$GAGSV,1,1,01,27,30,242,,0*47
$GBGSV,1,1,00,0*77
$GQGSV,1,1,00,0*64
$GNGLL,2520.05531,N,05128.16503,E,061435.00,A,A*7A
$GNRMC,061436.00,A,2520.05532,N,05128.16501,E,0.017,,210726,,,A,V*1D
$GNVTG,,T,,M,0.017,N,0.032,K,A*3A
$GNGGA,061436.00,2520.05532,N,05128.16501,E,1,09,1.35,48.4,M,-24.7,M,,*57
$GNGSA,A,3,32,29,18,10,23,,,,,,,,2.56,1.35,2.18,1*0F
$GNGSA,A,3,88,68,81,,,,,,,,,,2.56,1.35,2.18,2*08
$GNGSA,A,3,08,,,,,,,,,,,,2.56,1.35,2.18,3*06
$GNGSA,A,3,,,,,,,,,,,,,2.56,1.35,2.18,4*09
$GNGSA,A,3,,,,,,,,,,,,,2.56,1.35,2.18,5*08
$GPGSV,3,1,09,10,61,331,27,18,36,080,37,23,43,025,30,28,00,177,36,1*61
$GPGSV,3,2,09,29,08,148,36,32,49,181,47,40,60,172,39,41,44,125,47,1*6C
$GPGSV,3,3,09,42,38,118,42,1*5E
$GPGSV,1,1,02,08,16,318,,50,04,096,,0*6C
$GLGSV,1,1,03,68,31,206,30,81,54,069,33,88,15,118,42,1*4D
$GLGSV,1,1,03,80,01,264,,82,42,351,,83,01,318,,0*48
$GAGSV,1,1,02,08,44,166,42,32,55,129,45,7*74
$GAGSV,1,1,01,27,30,242,,0*47
$GBGSV,1,1,00,0*77
$GQGSV,1,1,00,0*64
$GNGLL,2520.05532,N,05128.16501,E,061436.00,A,A*78
$GNRMC,061437.00,A,2520.05530,N,05128.16501,E,0.078,,210726,,,A,V*17
$GNVTG,,T,,M,0.078,N,0.144,K,A*33
$GNGGA,061437.00,2520.05530,N,05128.16501,E,1,09,1.35,48.4,M,-24.7,M,,*54
$GNGSA,A,3,32,29,18,10,23,,,,,,,,2.56,1.35,2.18,1*0F
$GNGSA,A,3,88,68,81,,,,,,,,,,2.56,1.35,2.18,2*08
$GNGSA,A,3,08,,,,,,,,,,,,2.56,1.35,2.18,3*06
$GNGSA,A,3,,,,,,,,,,,,,2.56,1.35,2.18,4*09
$GNGSA,A,3,,,,,,,,,,,,,2.56,1.35,2.18,5*08
$GPGSV,3,1,09,10,61,331,27,18,36,080,37,23,43,025,30,28,00,177,36,1*61
$GPGSV,3,2,09,29,08,148,36,32,49,181,47,40,60,172,39,41,44,125,47,1*6C
$GPGSV,3,3,09,42,38,118,42,1*5E
$GPGSV,1,1,02,08,16,318,,50,04,096,,0*6C
$GLGSV,1,1,03,68,31,206,30,81,54,069,33,88,15,118,41,1*4E
$GLGSV,1,1,03,80,01,264,,82,42,351,,83,01,318,,0*48
$GAGSV,1,1,02,08,44,166,42,32,55,129,45,7*74
$GAGSV,1,1,01,27,30,242,,0*47
$GBGSV,1,1,00,0*77
$GQGSV,1,1,00,0*64
$GNGLL,2520.05530,N,05128.16501,E,061437.00,A,A*7B
$GNRMC,061438.00,A,2520.05529,N,05128.16499,E,0.061,,210726,,,A,V*18
$GNVTG,,T,,M,0.061,N,0.114,K,A*3E
$GNGGA,061438.00,2520.05529,N,05128.16499,E,1,09,1.35,48.4,M,-24.7,M,,*53
$GNGSA,A,3,32,29,18,10,23,,,,,,,,2.56,1.35,2.18,1*0F
$GNGSA,A,3,88,68,81,,,,,,,,,,2.56,1.35,2.18,2*08
$GNGSA,A,3,08,,,,,,,,,,,,2.56,1.35,2.18,3*06
$GNGSA,A,3,,,,,,,,,,,,,2.56,1.35,2.18,4*09
$GNGSA,A,3,,,,,,,,,,,,,2.56,1.35,2.18,5*08
$GPGSV,3,1,09,10,61,331,27,18,36,080,37,23,43,025,29,28,00,177,35,1*6A
$GPGSV,3,2,09,29,08,148,36,32,49,181,47,40,60,172,39,41,44,125,47,1*6C
$GPGSV,3,3,09,42,38,118,42,1*5E
$GPGSV,1,1,02,08,16,318,,50,04,096,,0*6C
$GLGSV,1,1,03,68,31,206,31,81,54,069,33,88,15,118,42,1*4C
$GLGSV,1,1,03,80,01,264,,82,42,351,,83,01,318,,0*48
$GAGSV,1,1,02,08,44,166,42,32,55,129,45,7*74
$GAGSV,1,1,01,27,30,242,,0*47
$GBGSV,1,1,00,0*77
$GQGSV,1,1,00,0*64
$GNGLL,2520.05529,N,05128.16499,E,061438.00,A,A*7C
$GNRMC,061439.00,A,2520.05528,N,05128.16499,E,0.063,,210726,,,A,V*1A
$GNVTG,,T,,M,0.063,N,0.117,K,A*3F
$GNGGA,061439.00,2520.05528,N,05128.16499,E,1,09,1.35,48.4,M,-24.7,M,,*53
$GNGSA,A,3,32,29,18,10,23,,,,,,,,2.56,1.35,2.18,1*0F
$GNGSA,A,3,88,68,81,,,,,,,,,,2.56,1.35,2.18,2*08
$GNGSA,A,3,08,,,,,,,,,,,,2.56,1.35,2.18,3*06
$GNGSA,A,3,,,,,,,,,,,,,2.56,1.35,2.18,4*09
$GNGSA,A,3,,,,,,,,,,,,,2.56,1.35,2.18,5*08
$GPGSV,3,1,09,10,61,331,27,18,36,080,37,23,43,025,29,28,00,177,35,1*6A
$GPGSV,3,2,09,29,08,148,36,32,49,181,47,40,60,172,39,41,44,125,47,1*6C
$GPGSV,3,3,09,42,38,118,42,1*5E
$GPGSV,1,1,02,08,16,318,,50,04,096,,0*6C
$GLGSV,1,1,03,68,31,206,31,81,54,069,33,88,15,118,42,1*4C
$GLGSV,1,1,03,80,01,264,,82,42,351,,83,01,318,,0*48
$GAGSV,1,1,02,08,44,166,42,32,55,129,45,7*74
$GAGSV,1,1,01,27,30,242,,0*47
$GBGSV,1,1,00,0*77
$GQGSV,1,1,00,0*64
$GNGLL,2520.05528,N,05128.16499,E,061439.00,A,A*7C
$GNRMC,061440.00,A,2520.05526,N,05128.16498,E,0.137,,210726,,,A,V*1B
$GNVTG,,T,,M,0.137,N,0.253,K,A*3C
$GNGGA,061440.00,2520.05526,N,05128.16498,E,1,09,1.35,48.4,M,-24.7,M,,*52
$GNGSA,A,3,32,29,18,10,23,,,,,,,,2.56,1.35,2.18,1*0F
$GNGSA,A,3,88,68,81,,,,,,,,,,2.56,1.35,2.18,2*08
$GNGSA,A,3,08,,,,,,,,,,,,2.56,1.35,2.18,3*06
$GNGSA,A,3,,,,,,,,,,,,,2.56,1.35,2.18,4*09
$GNGSA,A,3,,,,,,,,,,,,,2.56,1.35,2.18,5*08
$GPGSV,3,1,09,10,61,331,27,18,36,080,37,23,43,025,29,28,00,177,35,1*6A
$GPGSV,3,2,09,29,08,148,36,32,49,181,47,40,60,172,39,41,44,125,47,1*6C
$GPGSV,3,3,09,42,38,118,42,1*5E
$GPGSV,1,1,02,08,16,318,,50,04,096,,0*6C
$GLGSV,1,1,03,68,31,206,32,81,54,069,33,88,15,118,42,1*4F
$GLGSV,1,1,03,80,01,264,,82,42,351,,83,01,318,,0*48
$GAGSV,1,1,02,08,44,166,42,32,55,129,45,7*74
$GAGSV,1,1,01,27,30,242,,0*47
$GBGSV,1,1,00,0*77
$GQGSV,1,1,00,0*64
$GNGLL,2520.05526,N,05128.16498,E,061440.00,A,A*7D
$GNRMC,061441.00,A,2520.05526,N,05128.16497,E,0.017,,210726,,,A,V*16
$GNVTG,,T,,M,0.017,N,0.032,K,A*3A
$GNGGA,061441.00,2520.05526,N,05128.16497,E,1,09,1.35,48.4,M,-24.7,M,,*5C
$GNGSA,A,3,32,29,18,10,23,,,,,,,,2.56,1.35,2.18,1*0F
$GNGSA,A,3,88,68,81,,,,,,,,,,2.56,1.35,2.18,2*08
$GNGSA,A,3,08,,,,,,,,,,,,2.56,1.35,2.18,3*06
$GNGSA,A,3,,,,,,,,,,,,,2.56,1.35,2.18,4*09
$GNGSA,A,3,,,,,,,,,,,,,2.56,1.35,2.18,5*08
$GPGSV,3,1,09,10,61,331,27,18,36,080,38,23,43,025,29,28,00,177,34,1*64
$GPGSV,3,2,09,29,08,148,36,32,49,181,47,40,60,172,39,41,44,125,47,1*6C
$GPGSV,3,3,09,42,38,118,42,1*5E
$GPGSV,1,1,02,08,16,318,,50,04,096,,0*6C
$GLGSV,1,1,04,68,31,206,32,81,54,069,33,82,42,351,16,88,15,118,42,1*74
$GLGSV,1,1,02,80,01,264,,83,01,318,,0*72
$GAGSV,1,1,02,08,44,166,42,32,55,129,45,7*74
$GAGSV,1,1,01,27,30,242,,0*47
$GBGSV,1,1,00,0*77
$GQGSV,1,1,00,0*64
$GNGLL,2520.05526,N,05128.16497,E,061441.00,A,A*73
$GNRMC,061442.00,A,2520.05524,N,05128.16497,E,0.127,,210726,,,A,V*15
$GNVTG,,T,,M,0.127,N,0.235,K,A*3D
$GNGGA,061442.00,2520.05524,N,05128.16497,E,1,09,1.35,48.4,M,-24.7,M,,*5D
$GNGSA,A,3,32,29,18,10,23,,,,,,,,2.56,1.35,2.17,1*00
$GNGSA,A,3,88,68,81,,,,,,,,,,2.56,1.35,2.17,2*07
$GNGSA,A,3,08,,,,,,,,,,,,2.56,1.35,2.17,3*09
$GNGSA,A,3,,,,,,,,,,,,,2.56,1.35,2.17,4*06
$GNGSA,A,3,,,,,,,,,,,,,2.56,1.35,2.17,5*07
$GPGSV,3,1,09,10,61,331,27,18,36,080,38,23,43,025,28,28,00,177,34,1*65
$GPGSV,3,2,09,29,08,148,37,32,49,181,47,40,60,172,39,41,44,125,47,1*6D
$GPGSV,3,3,09,42,38,118,43,1*5F
$GPGSV,1,1,02,08,16,318,,50,04,096,,0*6C
$GLGSV,1,1,04,68,31,206,32,81,54,069,32,82,42,351,16,88,15,118,41,1*76
$GLGSV,1,1,02,80,01,264,,83,01,318,,0*72
$GAGSV,1,1,02,08,44,166,42,32,55,129,45,7*74
$GAGSV,1,1,01,27,30,242,,0*47
$GBGSV,1,1,00,0*77
$GQGSV,1,1,00,0*64
$GNGLL,2520.05524,N,05128.16497,E,061442.00,A,A*72
$GNRMC,061443.00,A,2520.05522,N,05128.16499,E,0.009,,210726,,,A,V*11
$GNVTG,,T,,M,0.009,N,0.017,K,A*32
$GNGGA,061443.00,2520.05522,N,05128.16499,E,1,09,1.35,48.4,M,-24.7,M,,*54
$GNGSA,A,3,32,29,18,10,23,,,,,,,,2.56,1.35,2.17,1*00
$GNGSA,A,3,88,68,81,,,,,,,,,,2.56,1.35,2.17,2*07
$GNGSA,A,3,08,,,,,,,,,,,,2.56,1.35,2.17,3*09
$GNGSA,A,3,,,,,,,,,,,,,2.56,1.35,2.17,4*06
$GNGSA,A,3,,,,,,,,,,,,,2.56,1.35,2.17,5*07
$GPGSV,3,1,09,10,61,331,27,18,36,080,37,23,43,025,28,28,00,177,35,1*6B
$GPGSV,3,2,09,29,08,148,36,32,49,181,47,40,60,172,39,41,44,125,47,1*6C
$GPGSV,3,3,09,42,38,118,42,1*5E
$GPGSV,1,1,02,08,16,318,,50,04,096,,0*6C
$GLGSV,1,1,04,68,31,206,32,81,54,069,32,82,42,352,16,88,15,118,41,1*75
$GLGSV,1,1,02,80,01,264,,83,01,318,,0*72
$GAGSV,1,1,02,08,44,166,42,32,55,129,45,7*74
$GAGSV,1,1,01,27,30,242,,0*47
$GBGSV,1,1,00,0*77
$GQGSV,1,1,00,0*64
$GNGLL,2520.05522,N,05128.16499,E,061443.00,A,A*7B
$GNRMC,061444.00,A,2520.05521,N,05128.16501,E,0.085,,210726,,,A,V*11
$GNVTG,,T,,M,0.085,N,0.158,K,A*3C
$GNGGA,061444.00,2520.05521,N,05128.16501,E,1,09,1.35,48.4,M,-24.7,M,,*50
$GNGSA,A,3,32,29,18,10,23,,,,,,,,2.56,1.35,2.17,1*00
$GNGSA,A,3,88,68,81,,,,,,,,,,2.56,1.35,2.17,2*07
$GNGSA,A,3,08,,,,,,,,,,,,2.56,1.35,2.17,3*09
$GNGSA,A,3,,,,,,,,,,,,,2.56,1.35,2.17,4*06
$GNGSA,A,3,,,,,,,,,,,,,2.56,1.35,2.17,5*07
$GPGSV,3,1,09,10,61,331,27,18,36,080,37,23,43,025,28,28,00,177,35,1*6B
$GPGSV,3,2,09,29,08,148,36,32,49,181,47,40,60,172,39,41,44,125,47,1*6C
$GPGSV,3,3,09,42,38,118,43,1*5F
$GPGSV,1,1,02,08,16,318,,50,04,096,,0*6C
$GLGSV,1,1,04,68,31,206,32,81,54,069,32,82,42,352,16,88,15,118,41,1*75
$GLGSV,1,1,02,80,01,264,,83,01,318,,0*72
$GAGSV,1,1,02,08,44,166,42,32,55,129,45,7*74
$GAGSV,1,1,01,27,30,242,,0*47
$GBGSV,1,1,00,0*77
$GQGSV,1,1,00,0*64
$GNGLL,2520.05521,N,05128.16501,E,061444.00,A,A*7F
$GNRMC,061445.00,A,2520.05521,N,05128.16500,E,0.096,,210726,,,A,V*13
$GNVTG,,T,,M,0.096,N,0.177,K,A*33
$GNGGA,061445.00,2520.05521,N,05128.16500,E,1,09,1.35,48.4,M,-24.7,M,,*50
$GNGSA,A,3,32,29,18,10,23,,,,,,,,2.56,1.35,2.17,1*00
$GNGSA,A,3,88,68,81,,,,,,,,,,2.56,1.35,2.17,2*07
$GNGSA,A,3,08,,,,,,,,,,,,2.56,1.35,2.17,3*09
$GNGSA,A,3,,,,,,,,,,,,,2.56,1.35,2.17,4*06
$GNGSA,A,3,,,,,,,,,,,,,2.56,1.35,2.17,5*07
$GPGSV,3,1,09,10,61,331,26,18,36,080,37,23,43,025,28,28,00,177,35,1*6A
$GPGSV,3,2,09,29,08,148,36,32,49,181,48,40,60,172,38,41,44,125,47,1*62
$GPGSV,3,3,09,42,38,118,43,1*5F
$GPGSV,1,1,02,08,16,318,,50,04,096,,0*6C
$GLGSV,1,1,04,68,31,206,32,81,54,069,32,82,42,352,16,88,15,118,41,1*75
$GLGSV,1,1,02,80,01,264,,83,01,318,,0*72
$GAGSV,1,1,03,08,44,166,42,15,,,31,32,55,129,45,7*73
$GAGSV,1,1,01,27,30,242,,0*47
$GBGSV,1,1,00,0*77
$GQGSV,1,1,00,0*64
$GNGLL,2520.05521,N,05128.16500,E,061445.00,A,A*7F
$GNRMC,061446.00,A,2520.05521,N,05128.16500,E,0.168,,210726,,,A,V*10
$GNVTG,,T,,M,0.168,N,0.310,K,A*30
$GNGGA,061446.00,2520.05521,N,05128.16500,E,1,09,1.35,48.4,M,-24.7,M,,*53
$GNGSA,A,3,32,29,18,10,23,,,,,,,,2.55,1.35,2.17,1*03
$GNGSA,A,3,88,68,81,,,,,,,,,,2.55,1.35,2.17,2*04
$GNGSA,A,3,08,,,,,,,,,,,,2.55,1.35,2.17,3*0A
$GNGSA,A,3,,,,,,,,,,,,,2.55,1.35,2.17,4*05
$GNGSA,A,3,,,,,,,,,,,,,2.55,1.35,2.17,5*04
$GPGSV,3,1,09,10,61,331,26,18,36,080,37,23,43,025,28,28,00,177,35,1*6A
$GPGSV,3,2,09,29,08,148,36,32,49,181,48,40,60,172,38,41,44,125,47,1*62
$GPGSV,3,3,09,42,38,118,43,1*5F
$GPGSV,1,1,02,08,16,318,,50,04,096,,0*6C
$GLGSV,2,1,05,68,31,206,32,81,54,069,32,82,42,352,16,83,01,318,17,1*78
$GLGSV,2,2,05,88,15,118,42,1*47
$GLGSV,1,1,01,80,01,264,,0*41
$GAGSV,1,1,03,08,44,166,42,15,,,30,32,55,129,45,7*72
$GAGSV,1,1,01,27,30,242,,0*47
$GBGSV,1,1,00,0*77
$GQGSV,1,1,00,0*64
$GNGLL,2520.05521,N,05128.16500,E,061446.00,A,A*7C
